Some weights of the model checkpoint at /root/hf/hub/models--EleutherAI--gpt-j-6b/snapshots/47e169305d2e8376be1d31e765533382721b2cc1 were not used when initializing GPTJForCausalLM: ['transformer.h.0.attn.bias', 'transformer.h.0.attn.masked_bias', 'transformer.h.1.attn.bias', 'transformer.h.1.attn.masked_bias', 'transformer.h.10.attn.bias', 'transformer.h.10.attn.masked_bias', 'transformer.h.11.attn.bias', 'transformer.h.11.attn.masked_bias', 'transformer.h.12.attn.bias', 'transformer.h.12.attn.masked_bias', 'transformer.h.13.attn.bias', 'transformer.h.13.attn.masked_bias', 'transformer.h.14.attn.bias', 'transformer.h.14.attn.masked_bias', 'transformer.h.15.attn.bias', 'transformer.h.15.attn.masked_bias', 'transformer.h.16.attn.bias', 'transformer.h.16.attn.masked_bias', 'transformer.h.17.attn.bias', 'transformer.h.17.attn.masked_bias', 'transformer.h.18.attn.bias', 'transformer.h.18.attn.masked_bias', 'transformer.h.19.attn.bias', 'transformer.h.19.attn.masked_bias', 'transformer.h.2.attn.bias', 'transformer.h.2.attn.masked_bias', 'transformer.h.20.attn.bias', 'transformer.h.20.attn.masked_bias', 'transformer.h.21.attn.bias', 'transformer.h.21.attn.masked_bias', 'transformer.h.22.attn.bias', 'transformer.h.22.attn.masked_bias', 'transformer.h.23.attn.bias', 'transformer.h.23.attn.masked_bias', 'transformer.h.24.attn.bias', 'transformer.h.24.attn.masked_bias', 'transformer.h.25.attn.bias', 'transformer.h.25.attn.masked_bias', 'transformer.h.26.attn.bias', 'transformer.h.26.attn.masked_bias', 'transformer.h.27.attn.bias', 'transformer.h.27.attn.masked_bias', 'transformer.h.3.attn.bias', 'transformer.h.3.attn.masked_bias', 'transformer.h.4.attn.bias', 'transformer.h.4.attn.masked_bias', 'transformer.h.5.attn.bias', 'transformer.h.5.attn.masked_bias', 'transformer.h.6.attn.bias', 'transformer.h.6.attn.masked_bias', 'transformer.h.7.attn.bias', 'transformer.h.7.attn.masked_bias', 'transformer.h.8.attn.bias', 'transformer.h.8.attn.masked_bias', 'transformer.h.9.attn.bias', 'transformer.h.9.attn.masked_bias']
- This IS expected if you are initializing GPTJForCausalLM from the checkpoint of a model trained on another task or with another architecture (e.g. initializing a BertForSequenceClassification model from a BertForPreTraining model).
- This IS NOT expected if you are initializing GPTJForCausalLM from the checkpoint of a model that you expect to be exactly identical (initializing a BertForSequenceClassification model from a BertForSequenceClassification model).
ag_news | dummy6_baseline: acc=0.000
ag_news | dummy6_twoknob_c0_u0: acc=0.000
ag_news | dummy6_twoknob_c0_u1: acc=0.000
ag_news | dummy6_twoknob_c0_u2: acc=0.000
ag_news | dummy6_twoknob_c0_u4: acc=0.080
ag_news | dummy6_twoknob_c0_u8: acc=0.080
ag_news | dummy6_twoknob_c1_u0: acc=0.000
ag_news | dummy6_twoknob_c1_u1: acc=0.000
ag_news | dummy6_twoknob_c1_u2: acc=0.027
ag_news | dummy6_twoknob_c1_u4: acc=0.187
ag_news | dummy6_twoknob_c1_u8: acc=0.187
ag_news | dummy6_twoknob_c2_u0: acc=0.000
ag_news | dummy6_twoknob_c2_u1: acc=0.000
ag_news | dummy6_twoknob_c2_u2: acc=0.033
ag_news | dummy6_twoknob_c2_u4: acc=0.187
ag_news | dummy6_twoknob_c2_u8: acc=0.147
ag_news | dummy6_twoknob_c4_u0: acc=0.000
ag_news | dummy6_twoknob_c4_u1: acc=0.000
ag_news | dummy6_twoknob_c4_u2: acc=0.000
ag_news | dummy6_twoknob_c4_u4: acc=0.187
ag_news | dummy6_twoknob_c4_u8: acc=0.213
ag_news | dummy6_twoknob_c8_u0: acc=0.000
ag_news | dummy6_twoknob_c8_u1: acc=0.000
ag_news | dummy6_twoknob_c8_u2: acc=0.000
ag_news | dummy6_twoknob_c8_u4: acc=0.040
ag_news | dummy6_twoknob_c8_u8: acc=0.187
animal_class | dummy6_baseline: acc=0.000
animal_class | dummy6_twoknob_c0_u0: acc=0.000
animal_class | dummy6_twoknob_c0_u1: acc=0.000
animal_class | dummy6_twoknob_c0_u2: acc=0.060
animal_class | dummy6_twoknob_c0_u4: acc=0.127
animal_class | dummy6_twoknob_c0_u8: acc=0.060
animal_class | dummy6_twoknob_c1_u0: acc=0.000
animal_class | dummy6_twoknob_c1_u1: acc=0.047
animal_class | dummy6_twoknob_c1_u2: acc=0.480
animal_class | dummy6_twoknob_c1_u4: acc=0.367
animal_class | dummy6_twoknob_c1_u8: acc=0.127
animal_class | dummy6_twoknob_c2_u0: acc=0.000
animal_class | dummy6_twoknob_c2_u1: acc=0.087
animal_class | dummy6_twoknob_c2_u2: acc=0.447
animal_class | dummy6_twoknob_c2_u4: acc=0.520
animal_class | dummy6_twoknob_c2_u8: acc=0.140
animal_class | dummy6_twoknob_c4_u0: acc=0.007
animal_class | dummy6_twoknob_c4_u1: acc=0.167
animal_class | dummy6_twoknob_c4_u2: acc=0.440
animal_class | dummy6_twoknob_c4_u4: acc=0.513
animal_class | dummy6_twoknob_c4_u8: acc=0.380
animal_class | dummy6_twoknob_c8_u0: acc=0.007
animal_class | dummy6_twoknob_c8_u1: acc=0.080
animal_class | dummy6_twoknob_c8_u2: acc=0.133
animal_class | dummy6_twoknob_c8_u4: acc=0.427
animal_class | dummy6_twoknob_c8_u8: acc=0.447
antonym | dummy6_baseline: acc=0.000
antonym | dummy6_twoknob_c0_u0: acc=0.000
antonym | dummy6_twoknob_c0_u1: acc=0.000
antonym | dummy6_twoknob_c0_u2: acc=0.000
antonym | dummy6_twoknob_c0_u4: acc=0.027
antonym | dummy6_twoknob_c0_u8: acc=0.187
antonym | dummy6_twoknob_c1_u0: acc=0.000
antonym | dummy6_twoknob_c1_u1: acc=0.000
antonym | dummy6_twoknob_c1_u2: acc=0.007
antonym | dummy6_twoknob_c1_u4: acc=0.287
antonym | dummy6_twoknob_c1_u8: acc=0.280
antonym | dummy6_twoknob_c2_u0: acc=0.000
antonym | dummy6_twoknob_c2_u1: acc=0.000
antonym | dummy6_twoknob_c2_u2: acc=0.053
antonym | dummy6_twoknob_c2_u4: acc=0.347
antonym | dummy6_twoknob_c2_u8: acc=0.360
antonym | dummy6_twoknob_c4_u0: acc=0.007
antonym | dummy6_twoknob_c4_u1: acc=0.020
antonym | dummy6_twoknob_c4_u2: acc=0.093
antonym | dummy6_twoknob_c4_u4: acc=0.273
antonym | dummy6_twoknob_c4_u8: acc=0.353
antonym | dummy6_twoknob_c8_u0: acc=0.000
antonym | dummy6_twoknob_c8_u1: acc=0.013
antonym | dummy6_twoknob_c8_u2: acc=0.020
antonym | dummy6_twoknob_c8_u4: acc=0.060
antonym | dummy6_twoknob_c8_u8: acc=0.220
capitalize | dummy6_baseline: acc=0.000
capitalize | dummy6_twoknob_c0_u0: acc=0.000
capitalize | dummy6_twoknob_c0_u1: acc=0.000
capitalize | dummy6_twoknob_c0_u2: acc=0.020
capitalize | dummy6_twoknob_c0_u4: acc=0.220
capitalize | dummy6_twoknob_c0_u8: acc=0.313
capitalize | dummy6_twoknob_c1_u0: acc=0.000
capitalize | dummy6_twoknob_c1_u1: acc=0.033
capitalize | dummy6_twoknob_c1_u2: acc=0.300
capitalize | dummy6_twoknob_c1_u4: acc=0.673
capitalize | dummy6_twoknob_c1_u8: acc=0.600
capitalize | dummy6_twoknob_c2_u0: acc=0.000
capitalize | dummy6_twoknob_c2_u1: acc=0.187
capitalize | dummy6_twoknob_c2_u2: acc=0.707
capitalize | dummy6_twoknob_c2_u4: acc=0.827
capitalize | dummy6_twoknob_c2_u8: acc=0.807
capitalize | dummy6_twoknob_c4_u0: acc=0.013
capitalize | dummy6_twoknob_c4_u1: acc=0.120
capitalize | dummy6_twoknob_c4_u2: acc=0.747
capitalize | dummy6_twoknob_c4_u4: acc=0.900
capitalize | dummy6_twoknob_c4_u8: acc=0.907
capitalize | dummy6_twoknob_c8_u0: acc=0.007
capitalize | dummy6_twoknob_c8_u1: acc=0.007
capitalize | dummy6_twoknob_c8_u2: acc=0.113
capitalize | dummy6_twoknob_c8_u4: acc=0.707
capitalize | dummy6_twoknob_c8_u8: acc=0.940
city-country | dummy6_baseline: acc=0.000
city-country | dummy6_twoknob_c0_u0: acc=0.000
city-country | dummy6_twoknob_c0_u1: acc=0.000
city-country | dummy6_twoknob_c0_u2: acc=0.093
city-country | dummy6_twoknob_c0_u4: acc=0.133
city-country | dummy6_twoknob_c0_u8: acc=0.027
city-country | dummy6_twoknob_c1_u0: acc=0.000
city-country | dummy6_twoknob_c1_u1: acc=0.020
city-country | dummy6_twoknob_c1_u2: acc=0.513
city-country | dummy6_twoknob_c1_u4: acc=0.473
city-country | dummy6_twoknob_c1_u8: acc=0.153
city-country | dummy6_twoknob_c2_u0: acc=0.007
city-country | dummy6_twoknob_c2_u1: acc=0.113
city-country | dummy6_twoknob_c2_u2: acc=0.640
city-country | dummy6_twoknob_c2_u4: acc=0.660
city-country | dummy6_twoknob_c2_u8: acc=0.393
city-country | dummy6_twoknob_c4_u0: acc=0.027
city-country | dummy6_twoknob_c4_u1: acc=0.420
city-country | dummy6_twoknob_c4_u2: acc=0.613
city-country | dummy6_twoknob_c4_u4: acc=0.713
city-country | dummy6_twoknob_c4_u8: acc=0.660
city-country | dummy6_twoknob_c8_u0: acc=0.073
city-country | dummy6_twoknob_c8_u1: acc=0.160
city-country | dummy6_twoknob_c8_u2: acc=0.313
city-country | dummy6_twoknob_c8_u4: acc=0.620
city-country | dummy6_twoknob_c8_u8: acc=0.733
concrete_abstract | dummy6_baseline: acc=0.000
concrete_abstract | dummy6_twoknob_c0_u0: acc=0.000
concrete_abstract | dummy6_twoknob_c0_u1: acc=0.000
concrete_abstract | dummy6_twoknob_c0_u2: acc=0.013
concrete_abstract | dummy6_twoknob_c0_u4: acc=0.067
concrete_abstract | dummy6_twoknob_c0_u8: acc=0.107
concrete_abstract | dummy6_twoknob_c1_u0: acc=0.000
concrete_abstract | dummy6_twoknob_c1_u1: acc=0.000
concrete_abstract | dummy6_twoknob_c1_u2: acc=0.113
concrete_abstract | dummy6_twoknob_c1_u4: acc=0.227
concrete_abstract | dummy6_twoknob_c1_u8: acc=0.160
concrete_abstract | dummy6_twoknob_c2_u0: acc=0.000
concrete_abstract | dummy6_twoknob_c2_u1: acc=0.000
concrete_abstract | dummy6_twoknob_c2_u2: acc=0.187
concrete_abstract | dummy6_twoknob_c2_u4: acc=0.213
concrete_abstract | dummy6_twoknob_c2_u8: acc=0.180
concrete_abstract | dummy6_twoknob_c4_u0: acc=0.000
concrete_abstract | dummy6_twoknob_c4_u1: acc=0.007
concrete_abstract | dummy6_twoknob_c4_u2: acc=0.073
concrete_abstract | dummy6_twoknob_c4_u4: acc=0.307
concrete_abstract | dummy6_twoknob_c4_u8: acc=0.253
concrete_abstract | dummy6_twoknob_c8_u0: acc=0.000
concrete_abstract | dummy6_twoknob_c8_u1: acc=0.000
concrete_abstract | dummy6_twoknob_c8_u2: acc=0.000
concrete_abstract | dummy6_twoknob_c8_u4: acc=0.100
concrete_abstract | dummy6_twoknob_c8_u8: acc=0.247
country-capital | dummy6_baseline: acc=0.000
country-capital | dummy6_twoknob_c0_u0: acc=0.000
country-capital | dummy6_twoknob_c0_u1: acc=0.007
country-capital | dummy6_twoknob_c0_u2: acc=0.360
country-capital | dummy6_twoknob_c0_u4: acc=0.433
country-capital | dummy6_twoknob_c0_u8: acc=0.193
country-capital | dummy6_twoknob_c1_u0: acc=0.000
country-capital | dummy6_twoknob_c1_u1: acc=0.213
country-capital | dummy6_twoknob_c1_u2: acc=0.693
country-capital | dummy6_twoknob_c1_u4: acc=0.707
country-capital | dummy6_twoknob_c1_u8: acc=0.587
country-capital | dummy6_twoknob_c2_u0: acc=0.000
country-capital | dummy6_twoknob_c2_u1: acc=0.133
country-capital | dummy6_twoknob_c2_u2: acc=0.673
country-capital | dummy6_twoknob_c2_u4: acc=0.727
country-capital | dummy6_twoknob_c2_u8: acc=0.687
country-capital | dummy6_twoknob_c4_u0: acc=0.007
country-capital | dummy6_twoknob_c4_u1: acc=0.073
country-capital | dummy6_twoknob_c4_u2: acc=0.633
country-capital | dummy6_twoknob_c4_u4: acc=0.680
country-capital | dummy6_twoknob_c4_u8: acc=0.753
country-capital | dummy6_twoknob_c8_u0: acc=0.013
country-capital | dummy6_twoknob_c8_u1: acc=0.040
country-capital | dummy6_twoknob_c8_u2: acc=0.167
country-capital | dummy6_twoknob_c8_u4: acc=0.640
country-capital | dummy6_twoknob_c8_u8: acc=0.760
ends_with_ing | dummy6_baseline: acc=0.000
ends_with_ing | dummy6_twoknob_c0_u0: acc=0.000
ends_with_ing | dummy6_twoknob_c0_u1: acc=0.000
ends_with_ing | dummy6_twoknob_c0_u2: acc=0.047
ends_with_ing | dummy6_twoknob_c0_u4: acc=0.187
ends_with_ing | dummy6_twoknob_c0_u8: acc=0.120
ends_with_ing | dummy6_twoknob_c1_u0: acc=0.000
ends_with_ing | dummy6_twoknob_c1_u1: acc=0.013
ends_with_ing | dummy6_twoknob_c1_u2: acc=0.253
ends_with_ing | dummy6_twoknob_c1_u4: acc=0.353
ends_with_ing | dummy6_twoknob_c1_u8: acc=0.253
ends_with_ing | dummy6_twoknob_c2_u0: acc=0.000
ends_with_ing | dummy6_twoknob_c2_u1: acc=0.000
ends_with_ing | dummy6_twoknob_c2_u2: acc=0.193
ends_with_ing | dummy6_twoknob_c2_u4: acc=0.380
ends_with_ing | dummy6_twoknob_c2_u8: acc=0.300
ends_with_ing | dummy6_twoknob_c4_u0: acc=0.000
ends_with_ing | dummy6_twoknob_c4_u1: acc=0.007
ends_with_ing | dummy6_twoknob_c4_u2: acc=0.113
ends_with_ing | dummy6_twoknob_c4_u4: acc=0.413
ends_with_ing | dummy6_twoknob_c4_u8: acc=0.380
ends_with_ing | dummy6_twoknob_c8_u0: acc=0.000
ends_with_ing | dummy6_twoknob_c8_u1: acc=0.000
ends_with_ing | dummy6_twoknob_c8_u2: acc=0.013
ends_with_ing | dummy6_twoknob_c8_u4: acc=0.193
ends_with_ing | dummy6_twoknob_c8_u8: acc=0.347
english-italian | dummy6_baseline: acc=0.000
english-italian | dummy6_twoknob_c0_u0: acc=0.000
english-italian | dummy6_twoknob_c0_u1: acc=0.000
english-italian | dummy6_twoknob_c0_u2: acc=0.000
english-italian | dummy6_twoknob_c0_u4: acc=0.000
english-italian | dummy6_twoknob_c0_u8: acc=0.000
english-italian | dummy6_twoknob_c1_u0: acc=0.000
english-italian | dummy6_twoknob_c1_u1: acc=0.000
english-italian | dummy6_twoknob_c1_u2: acc=0.167
english-italian | dummy6_twoknob_c1_u4: acc=0.380
english-italian | dummy6_twoknob_c1_u8: acc=0.067
english-italian | dummy6_twoknob_c2_u0: acc=0.000
english-italian | dummy6_twoknob_c2_u1: acc=0.013
english-italian | dummy6_twoknob_c2_u2: acc=0.433
english-italian | dummy6_twoknob_c2_u4: acc=0.587
english-italian | dummy6_twoknob_c2_u8: acc=0.400
english-italian | dummy6_twoknob_c4_u0: acc=0.000
english-italian | dummy6_twoknob_c4_u1: acc=0.000
english-italian | dummy6_twoknob_c4_u2: acc=0.240
english-italian | dummy6_twoknob_c4_u4: acc=0.533
english-italian | dummy6_twoknob_c4_u8: acc=0.547
english-italian | dummy6_twoknob_c8_u0: acc=0.000
english-italian | dummy6_twoknob_c8_u1: acc=0.000
english-italian | dummy6_twoknob_c8_u2: acc=0.000
english-italian | dummy6_twoknob_c8_u4: acc=0.147
english-italian | dummy6_twoknob_c8_u8: acc=0.567
english-spanish | dummy6_baseline: acc=0.000
english-spanish | dummy6_twoknob_c0_u0: acc=0.000
english-spanish | dummy6_twoknob_c0_u1: acc=0.000
english-spanish | dummy6_twoknob_c0_u2: acc=0.007
english-spanish | dummy6_twoknob_c0_u4: acc=0.000
english-spanish | dummy6_twoknob_c0_u8: acc=0.000
english-spanish | dummy6_twoknob_c1_u0: acc=0.000
english-spanish | dummy6_twoknob_c1_u1: acc=0.000
english-spanish | dummy6_twoknob_c1_u2: acc=0.113
english-spanish | dummy6_twoknob_c1_u4: acc=0.347
english-spanish | dummy6_twoknob_c1_u8: acc=0.033
english-spanish | dummy6_twoknob_c2_u0: acc=0.000
english-spanish | dummy6_twoknob_c2_u1: acc=0.007
english-spanish | dummy6_twoknob_c2_u2: acc=0.427
english-spanish | dummy6_twoknob_c2_u4: acc=0.560
english-spanish | dummy6_twoknob_c2_u8: acc=0.427
english-spanish | dummy6_twoknob_c4_u0: acc=0.000
english-spanish | dummy6_twoknob_c4_u1: acc=0.007
english-spanish | dummy6_twoknob_c4_u2: acc=0.360
english-spanish | dummy6_twoknob_c4_u4: acc=0.547
english-spanish | dummy6_twoknob_c4_u8: acc=0.620
english-spanish | dummy6_twoknob_c8_u0: acc=0.000
english-spanish | dummy6_twoknob_c8_u1: acc=0.000
english-spanish | dummy6_twoknob_c8_u2: acc=0.013
english-spanish | dummy6_twoknob_c8_u4: acc=0.200
english-spanish | dummy6_twoknob_c8_u8: acc=0.593
first_three_letters | dummy6_baseline: acc=0.000
first_three_letters | dummy6_twoknob_c0_u0: acc=0.000
first_three_letters | dummy6_twoknob_c0_u1: acc=0.000
first_three_letters | dummy6_twoknob_c0_u2: acc=0.007
first_three_letters | dummy6_twoknob_c0_u4: acc=0.027
first_three_letters | dummy6_twoknob_c0_u8: acc=0.060
first_three_letters | dummy6_twoknob_c1_u0: acc=0.000
first_three_letters | dummy6_twoknob_c1_u1: acc=0.000
first_three_letters | dummy6_twoknob_c1_u2: acc=0.147
first_three_letters | dummy6_twoknob_c1_u4: acc=0.300
first_three_letters | dummy6_twoknob_c1_u8: acc=0.260
first_three_letters | dummy6_twoknob_c2_u0: acc=0.000
first_three_letters | dummy6_twoknob_c2_u1: acc=0.033
first_three_letters | dummy6_twoknob_c2_u2: acc=0.153
first_three_letters | dummy6_twoknob_c2_u4: acc=0.373
first_three_letters | dummy6_twoknob_c2_u8: acc=0.340
first_three_letters | dummy6_twoknob_c4_u0: acc=0.013
first_three_letters | dummy6_twoknob_c4_u1: acc=0.093
first_three_letters | dummy6_twoknob_c4_u2: acc=0.287
first_three_letters | dummy6_twoknob_c4_u4: acc=0.380
first_three_letters | dummy6_twoknob_c4_u8: acc=0.413
first_three_letters | dummy6_twoknob_c8_u0: acc=0.020
first_three_letters | dummy6_twoknob_c8_u1: acc=0.027
first_three_letters | dummy6_twoknob_c8_u2: acc=0.073
first_three_letters | dummy6_twoknob_c8_u4: acc=0.260
first_three_letters | dummy6_twoknob_c8_u8: acc=0.367
french_noun_gender | dummy6_baseline: acc=0.000
french_noun_gender | dummy6_twoknob_c0_u0: acc=0.000
french_noun_gender | dummy6_twoknob_c0_u1: acc=0.000
french_noun_gender | dummy6_twoknob_c0_u2: acc=0.067
french_noun_gender | dummy6_twoknob_c0_u4: acc=0.100
french_noun_gender | dummy6_twoknob_c0_u8: acc=0.027
french_noun_gender | dummy6_twoknob_c1_u0: acc=0.000
french_noun_gender | dummy6_twoknob_c1_u1: acc=0.013
french_noun_gender | dummy6_twoknob_c1_u2: acc=0.247
french_noun_gender | dummy6_twoknob_c1_u4: acc=0.333
french_noun_gender | dummy6_twoknob_c1_u8: acc=0.027
french_noun_gender | dummy6_twoknob_c2_u0: acc=0.000
french_noun_gender | dummy6_twoknob_c2_u1: acc=0.000
french_noun_gender | dummy6_twoknob_c2_u2: acc=0.280
french_noun_gender | dummy6_twoknob_c2_u4: acc=0.373
french_noun_gender | dummy6_twoknob_c2_u8: acc=0.120
french_noun_gender | dummy6_twoknob_c4_u0: acc=0.000
french_noun_gender | dummy6_twoknob_c4_u1: acc=0.000
french_noun_gender | dummy6_twoknob_c4_u2: acc=0.287
french_noun_gender | dummy6_twoknob_c4_u4: acc=0.453
french_noun_gender | dummy6_twoknob_c4_u8: acc=0.313
french_noun_gender | dummy6_twoknob_c8_u0: acc=0.000
french_noun_gender | dummy6_twoknob_c8_u1: acc=0.000
french_noun_gender | dummy6_twoknob_c8_u2: acc=0.000
french_noun_gender | dummy6_twoknob_c8_u4: acc=0.200
french_noun_gender | dummy6_twoknob_c8_u8: acc=0.360
german_noun_gender | dummy6_baseline: acc=0.000
german_noun_gender | dummy6_twoknob_c0_u0: acc=0.000
german_noun_gender | dummy6_twoknob_c0_u1: acc=0.000
german_noun_gender | dummy6_twoknob_c0_u2: acc=0.007
german_noun_gender | dummy6_twoknob_c0_u4: acc=0.093
german_noun_gender | dummy6_twoknob_c0_u8: acc=0.047
german_noun_gender | dummy6_twoknob_c1_u0: acc=0.000
german_noun_gender | dummy6_twoknob_c1_u1: acc=0.000
german_noun_gender | dummy6_twoknob_c1_u2: acc=0.020
german_noun_gender | dummy6_twoknob_c1_u4: acc=0.193
german_noun_gender | dummy6_twoknob_c1_u8: acc=0.120
german_noun_gender | dummy6_twoknob_c2_u0: acc=0.000
german_noun_gender | dummy6_twoknob_c2_u1: acc=0.000
german_noun_gender | dummy6_twoknob_c2_u2: acc=0.033
german_noun_gender | dummy6_twoknob_c2_u4: acc=0.253
german_noun_gender | dummy6_twoknob_c2_u8: acc=0.160
german_noun_gender | dummy6_twoknob_c4_u0: acc=0.000
german_noun_gender | dummy6_twoknob_c4_u1: acc=0.000
german_noun_gender | dummy6_twoknob_c4_u2: acc=0.013
german_noun_gender | dummy6_twoknob_c4_u4: acc=0.233
german_noun_gender | dummy6_twoknob_c4_u8: acc=0.207
german_noun_gender | dummy6_twoknob_c8_u0: acc=0.000
german_noun_gender | dummy6_twoknob_c8_u1: acc=0.000
german_noun_gender | dummy6_twoknob_c8_u2: acc=0.000
german_noun_gender | dummy6_twoknob_c8_u4: acc=0.053
german_noun_gender | dummy6_twoknob_c8_u8: acc=0.247
gerund_to_past | dummy6_baseline: acc=0.000
gerund_to_past | dummy6_twoknob_c0_u0: acc=0.000
gerund_to_past | dummy6_twoknob_c0_u1: acc=0.000
gerund_to_past | dummy6_twoknob_c0_u2: acc=0.007
gerund_to_past | dummy6_twoknob_c0_u4: acc=0.087
gerund_to_past | dummy6_twoknob_c0_u8: acc=0.287
gerund_to_past | dummy6_twoknob_c1_u0: acc=0.000
gerund_to_past | dummy6_twoknob_c1_u1: acc=0.000
gerund_to_past | dummy6_twoknob_c1_u2: acc=0.147
gerund_to_past | dummy6_twoknob_c1_u4: acc=0.467
gerund_to_past | dummy6_twoknob_c1_u8: acc=0.433
gerund_to_past | dummy6_twoknob_c2_u0: acc=0.000
gerund_to_past | dummy6_twoknob_c2_u1: acc=0.047
gerund_to_past | dummy6_twoknob_c2_u2: acc=0.487
gerund_to_past | dummy6_twoknob_c2_u4: acc=0.727
gerund_to_past | dummy6_twoknob_c2_u8: acc=0.627
gerund_to_past | dummy6_twoknob_c4_u0: acc=0.000
gerund_to_past | dummy6_twoknob_c4_u1: acc=0.133
gerund_to_past | dummy6_twoknob_c4_u2: acc=0.520
gerund_to_past | dummy6_twoknob_c4_u4: acc=0.727
gerund_to_past | dummy6_twoknob_c4_u8: acc=0.713
gerund_to_past | dummy6_twoknob_c8_u0: acc=0.007
gerund_to_past | dummy6_twoknob_c8_u1: acc=0.020
gerund_to_past | dummy6_twoknob_c8_u2: acc=0.047
gerund_to_past | dummy6_twoknob_c8_u4: acc=0.340
gerund_to_past | dummy6_twoknob_c8_u8: acc=0.647
initials_two_words | dummy6_baseline: acc=0.000
initials_two_words | dummy6_twoknob_c0_u0: acc=0.000
initials_two_words | dummy6_twoknob_c0_u1: acc=0.000
initials_two_words | dummy6_twoknob_c0_u2: acc=0.000
initials_two_words | dummy6_twoknob_c0_u4: acc=0.000
initials_two_words | dummy6_twoknob_c0_u8: acc=0.007
initials_two_words | dummy6_twoknob_c1_u0: acc=0.000
initials_two_words | dummy6_twoknob_c1_u1: acc=0.000
initials_two_words | dummy6_twoknob_c1_u2: acc=0.460
initials_two_words | dummy6_twoknob_c1_u4: acc=0.580
initials_two_words | dummy6_twoknob_c1_u8: acc=0.227
initials_two_words | dummy6_twoknob_c2_u0: acc=0.000
initials_two_words | dummy6_twoknob_c2_u1: acc=0.007
initials_two_words | dummy6_twoknob_c2_u2: acc=0.607
initials_two_words | dummy6_twoknob_c2_u4: acc=0.753
initials_two_words | dummy6_twoknob_c2_u8: acc=0.680
initials_two_words | dummy6_twoknob_c4_u0: acc=0.000
initials_two_words | dummy6_twoknob_c4_u1: acc=0.040
initials_two_words | dummy6_twoknob_c4_u2: acc=0.347
initials_two_words | dummy6_twoknob_c4_u4: acc=0.753
initials_two_words | dummy6_twoknob_c4_u8: acc=0.827
initials_two_words | dummy6_twoknob_c8_u0: acc=0.000
initials_two_words | dummy6_twoknob_c8_u1: acc=0.013
initials_two_words | dummy6_twoknob_c8_u2: acc=0.100
initials_two_words | dummy6_twoknob_c8_u4: acc=0.507
initials_two_words | dummy6_twoknob_c8_u8: acc=0.740
iso_date_year_plus_one | dummy6_baseline: acc=0.000
iso_date_year_plus_one | dummy6_twoknob_c0_u0: acc=0.000
iso_date_year_plus_one | dummy6_twoknob_c0_u1: acc=0.000
iso_date_year_plus_one | dummy6_twoknob_c0_u2: acc=0.013
iso_date_year_plus_one | dummy6_twoknob_c0_u4: acc=0.000
iso_date_year_plus_one | dummy6_twoknob_c0_u8: acc=0.000
iso_date_year_plus_one | dummy6_twoknob_c1_u0: acc=0.000
iso_date_year_plus_one | dummy6_twoknob_c1_u1: acc=0.000
iso_date_year_plus_one | dummy6_twoknob_c1_u2: acc=0.073
iso_date_year_plus_one | dummy6_twoknob_c1_u4: acc=0.020
iso_date_year_plus_one | dummy6_twoknob_c1_u8: acc=0.033
iso_date_year_plus_one | dummy6_twoknob_c2_u0: acc=0.000
iso_date_year_plus_one | dummy6_twoknob_c2_u1: acc=0.000
iso_date_year_plus_one | dummy6_twoknob_c2_u2: acc=0.067
iso_date_year_plus_one | dummy6_twoknob_c2_u4: acc=0.113
iso_date_year_plus_one | dummy6_twoknob_c2_u8: acc=0.093
iso_date_year_plus_one | dummy6_twoknob_c4_u0: acc=0.000
iso_date_year_plus_one | dummy6_twoknob_c4_u1: acc=0.007
iso_date_year_plus_one | dummy6_twoknob_c4_u2: acc=0.060
iso_date_year_plus_one | dummy6_twoknob_c4_u4: acc=0.207
iso_date_year_plus_one | dummy6_twoknob_c4_u8: acc=0.153
iso_date_year_plus_one | dummy6_twoknob_c8_u0: acc=0.000
iso_date_year_plus_one | dummy6_twoknob_c8_u1: acc=0.000
iso_date_year_plus_one | dummy6_twoknob_c8_u2: acc=0.007
iso_date_year_plus_one | dummy6_twoknob_c8_u4: acc=0.047
iso_date_year_plus_one | dummy6_twoknob_c8_u8: acc=0.187
language_identification | dummy6_baseline: acc=0.000
language_identification | dummy6_twoknob_c0_u0: acc=0.000
language_identification | dummy6_twoknob_c0_u1: acc=0.000
language_identification | dummy6_twoknob_c0_u2: acc=0.013
language_identification | dummy6_twoknob_c0_u4: acc=0.060
language_identification | dummy6_twoknob_c0_u8: acc=0.007
language_identification | dummy6_twoknob_c1_u0: acc=0.000
language_identification | dummy6_twoknob_c1_u1: acc=0.000
language_identification | dummy6_twoknob_c1_u2: acc=0.133
language_identification | dummy6_twoknob_c1_u4: acc=0.300
language_identification | dummy6_twoknob_c1_u8: acc=0.073
language_identification | dummy6_twoknob_c2_u0: acc=0.007
language_identification | dummy6_twoknob_c2_u1: acc=0.000
language_identification | dummy6_twoknob_c2_u2: acc=0.173
language_identification | dummy6_twoknob_c2_u4: acc=0.400
language_identification | dummy6_twoknob_c2_u8: acc=0.207
language_identification | dummy6_twoknob_c4_u0: acc=0.000
language_identification | dummy6_twoknob_c4_u1: acc=0.013
language_identification | dummy6_twoknob_c4_u2: acc=0.233
language_identification | dummy6_twoknob_c4_u4: acc=0.380
language_identification | dummy6_twoknob_c4_u8: acc=0.360
language_identification | dummy6_twoknob_c8_u0: acc=0.000
language_identification | dummy6_twoknob_c8_u1: acc=0.007
language_identification | dummy6_twoknob_c8_u2: acc=0.007
language_identification | dummy6_twoknob_c8_u4: acc=0.180
language_identification | dummy6_twoknob_c8_u8: acc=0.353
larger_than_1000 | dummy6_baseline: acc=0.000
larger_than_1000 | dummy6_twoknob_c0_u0: acc=0.000
larger_than_1000 | dummy6_twoknob_c0_u1: acc=0.000
larger_than_1000 | dummy6_twoknob_c0_u2: acc=0.133
larger_than_1000 | dummy6_twoknob_c0_u4: acc=0.133
larger_than_1000 | dummy6_twoknob_c0_u8: acc=0.047
larger_than_1000 | dummy6_twoknob_c1_u0: acc=0.000
larger_than_1000 | dummy6_twoknob_c1_u1: acc=0.000
larger_than_1000 | dummy6_twoknob_c1_u2: acc=0.227
larger_than_1000 | dummy6_twoknob_c1_u4: acc=0.247
larger_than_1000 | dummy6_twoknob_c1_u8: acc=0.167
larger_than_1000 | dummy6_twoknob_c2_u0: acc=0.000
larger_than_1000 | dummy6_twoknob_c2_u1: acc=0.007
larger_than_1000 | dummy6_twoknob_c2_u2: acc=0.220
larger_than_1000 | dummy6_twoknob_c2_u4: acc=0.333
larger_than_1000 | dummy6_twoknob_c2_u8: acc=0.240
larger_than_1000 | dummy6_twoknob_c4_u0: acc=0.000
larger_than_1000 | dummy6_twoknob_c4_u1: acc=0.033
larger_than_1000 | dummy6_twoknob_c4_u2: acc=0.200
larger_than_1000 | dummy6_twoknob_c4_u4: acc=0.333
larger_than_1000 | dummy6_twoknob_c4_u8: acc=0.287
larger_than_1000 | dummy6_twoknob_c8_u0: acc=0.000
larger_than_1000 | dummy6_twoknob_c8_u1: acc=0.027
larger_than_1000 | dummy6_twoknob_c8_u2: acc=0.053
larger_than_1000 | dummy6_twoknob_c8_u4: acc=0.260
larger_than_1000 | dummy6_twoknob_c8_u8: acc=0.333
lowercase_word | dummy6_baseline: acc=0.000
lowercase_word | dummy6_twoknob_c0_u0: acc=0.000
lowercase_word | dummy6_twoknob_c0_u1: acc=0.000
lowercase_word | dummy6_twoknob_c0_u2: acc=0.000
lowercase_word | dummy6_twoknob_c0_u4: acc=0.093
lowercase_word | dummy6_twoknob_c0_u8: acc=0.387
lowercase_word | dummy6_twoknob_c1_u0: acc=0.000
lowercase_word | dummy6_twoknob_c1_u1: acc=0.007
lowercase_word | dummy6_twoknob_c1_u2: acc=0.227
lowercase_word | dummy6_twoknob_c1_u4: acc=0.767
lowercase_word | dummy6_twoknob_c1_u8: acc=0.760
lowercase_word | dummy6_twoknob_c2_u0: acc=0.000
lowercase_word | dummy6_twoknob_c2_u1: acc=0.273
lowercase_word | dummy6_twoknob_c2_u2: acc=0.787
lowercase_word | dummy6_twoknob_c2_u4: acc=0.960
lowercase_word | dummy6_twoknob_c2_u8: acc=0.873
lowercase_word | dummy6_twoknob_c4_u0: acc=0.507
lowercase_word | dummy6_twoknob_c4_u1: acc=0.800
lowercase_word | dummy6_twoknob_c4_u2: acc=0.947
lowercase_word | dummy6_twoknob_c4_u4: acc=0.967
lowercase_word | dummy6_twoknob_c4_u8: acc=0.967
lowercase_word | dummy6_twoknob_c8_u0: acc=0.600
lowercase_word | dummy6_twoknob_c8_u1: acc=0.793
lowercase_word | dummy6_twoknob_c8_u2: acc=0.847
lowercase_word | dummy6_twoknob_c8_u4: acc=0.960
lowercase_word | dummy6_twoknob_c8_u8: acc=0.967
natural_manmade | dummy6_baseline: acc=0.000
natural_manmade | dummy6_twoknob_c0_u0: acc=0.000
natural_manmade | dummy6_twoknob_c0_u1: acc=0.000
natural_manmade | dummy6_twoknob_c0_u2: acc=0.013
natural_manmade | dummy6_twoknob_c0_u4: acc=0.033
natural_manmade | dummy6_twoknob_c0_u8: acc=0.007
natural_manmade | dummy6_twoknob_c1_u0: acc=0.000
natural_manmade | dummy6_twoknob_c1_u1: acc=0.000
natural_manmade | dummy6_twoknob_c1_u2: acc=0.080
natural_manmade | dummy6_twoknob_c1_u4: acc=0.147
natural_manmade | dummy6_twoknob_c1_u8: acc=0.020
natural_manmade | dummy6_twoknob_c2_u0: acc=0.000
natural_manmade | dummy6_twoknob_c2_u1: acc=0.000
natural_manmade | dummy6_twoknob_c2_u2: acc=0.093
natural_manmade | dummy6_twoknob_c2_u4: acc=0.240
natural_manmade | dummy6_twoknob_c2_u8: acc=0.040
natural_manmade | dummy6_twoknob_c4_u0: acc=0.000
natural_manmade | dummy6_twoknob_c4_u1: acc=0.007
natural_manmade | dummy6_twoknob_c4_u2: acc=0.020
natural_manmade | dummy6_twoknob_c4_u4: acc=0.167
natural_manmade | dummy6_twoknob_c4_u8: acc=0.140
natural_manmade | dummy6_twoknob_c8_u0: acc=0.000
natural_manmade | dummy6_twoknob_c8_u1: acc=0.000
natural_manmade | dummy6_twoknob_c8_u2: acc=0.000
natural_manmade | dummy6_twoknob_c8_u4: acc=0.047
natural_manmade | dummy6_twoknob_c8_u8: acc=0.173
next_month_of_date | dummy6_baseline: acc=0.000
next_month_of_date | dummy6_twoknob_c0_u0: acc=0.000
next_month_of_date | dummy6_twoknob_c0_u1: acc=0.000
next_month_of_date | dummy6_twoknob_c0_u2: acc=0.087
next_month_of_date | dummy6_twoknob_c0_u4: acc=0.047
next_month_of_date | dummy6_twoknob_c0_u8: acc=0.027
next_month_of_date | dummy6_twoknob_c1_u0: acc=0.000
next_month_of_date | dummy6_twoknob_c1_u1: acc=0.007
next_month_of_date | dummy6_twoknob_c1_u2: acc=0.120
next_month_of_date | dummy6_twoknob_c1_u4: acc=0.113
next_month_of_date | dummy6_twoknob_c1_u8: acc=0.047
next_month_of_date | dummy6_twoknob_c2_u0: acc=0.000
next_month_of_date | dummy6_twoknob_c2_u1: acc=0.013
next_month_of_date | dummy6_twoknob_c2_u2: acc=0.140
next_month_of_date | dummy6_twoknob_c2_u4: acc=0.153
next_month_of_date | dummy6_twoknob_c2_u8: acc=0.113
next_month_of_date | dummy6_twoknob_c4_u0: acc=0.000
next_month_of_date | dummy6_twoknob_c4_u1: acc=0.013
next_month_of_date | dummy6_twoknob_c4_u2: acc=0.107
next_month_of_date | dummy6_twoknob_c4_u4: acc=0.307
next_month_of_date | dummy6_twoknob_c4_u8: acc=0.200
next_month_of_date | dummy6_twoknob_c8_u0: acc=0.000
next_month_of_date | dummy6_twoknob_c8_u1: acc=0.000
next_month_of_date | dummy6_twoknob_c8_u2: acc=0.013
next_month_of_date | dummy6_twoknob_c8_u4: acc=0.067
next_month_of_date | dummy6_twoknob_c8_u8: acc=0.307
number_word_to_digits | dummy6_baseline: acc=0.000
number_word_to_digits | dummy6_twoknob_c0_u0: acc=0.000
number_word_to_digits | dummy6_twoknob_c0_u1: acc=0.000
number_word_to_digits | dummy6_twoknob_c0_u2: acc=0.067
number_word_to_digits | dummy6_twoknob_c0_u4: acc=0.293
number_word_to_digits | dummy6_twoknob_c0_u8: acc=0.273
number_word_to_digits | dummy6_twoknob_c1_u0: acc=0.000
number_word_to_digits | dummy6_twoknob_c1_u1: acc=0.047
number_word_to_digits | dummy6_twoknob_c1_u2: acc=0.373
number_word_to_digits | dummy6_twoknob_c1_u4: acc=0.420
number_word_to_digits | dummy6_twoknob_c1_u8: acc=0.433
number_word_to_digits | dummy6_twoknob_c2_u0: acc=0.000
number_word_to_digits | dummy6_twoknob_c2_u1: acc=0.053
number_word_to_digits | dummy6_twoknob_c2_u2: acc=0.347
number_word_to_digits | dummy6_twoknob_c2_u4: acc=0.453
number_word_to_digits | dummy6_twoknob_c2_u8: acc=0.493
number_word_to_digits | dummy6_twoknob_c4_u0: acc=0.020
number_word_to_digits | dummy6_twoknob_c4_u1: acc=0.140
number_word_to_digits | dummy6_twoknob_c4_u2: acc=0.353
number_word_to_digits | dummy6_twoknob_c4_u4: acc=0.460
number_word_to_digits | dummy6_twoknob_c4_u8: acc=0.467
number_word_to_digits | dummy6_twoknob_c8_u0: acc=0.087
number_word_to_digits | dummy6_twoknob_c8_u1: acc=0.180
number_word_to_digits | dummy6_twoknob_c8_u2: acc=0.320
number_word_to_digits | dummy6_twoknob_c8_u4: acc=0.413
number_word_to_digits | dummy6_twoknob_c8_u8: acc=0.433
past_to_base | dummy6_baseline: acc=0.000
past_to_base | dummy6_twoknob_c0_u0: acc=0.000
past_to_base | dummy6_twoknob_c0_u1: acc=0.007
past_to_base | dummy6_twoknob_c0_u2: acc=0.013
past_to_base | dummy6_twoknob_c0_u4: acc=0.180
past_to_base | dummy6_twoknob_c0_u8: acc=0.500
past_to_base | dummy6_twoknob_c1_u0: acc=0.000
past_to_base | dummy6_twoknob_c1_u1: acc=0.013
past_to_base | dummy6_twoknob_c1_u2: acc=0.093
past_to_base | dummy6_twoknob_c1_u4: acc=0.607
past_to_base | dummy6_twoknob_c1_u8: acc=0.673
past_to_base | dummy6_twoknob_c2_u0: acc=0.000
past_to_base | dummy6_twoknob_c2_u1: acc=0.147
past_to_base | dummy6_twoknob_c2_u2: acc=0.573
past_to_base | dummy6_twoknob_c2_u4: acc=0.740
past_to_base | dummy6_twoknob_c2_u8: acc=0.747
past_to_base | dummy6_twoknob_c4_u0: acc=0.280
past_to_base | dummy6_twoknob_c4_u1: acc=0.587
past_to_base | dummy6_twoknob_c4_u2: acc=0.787
past_to_base | dummy6_twoknob_c4_u4: acc=0.793
past_to_base | dummy6_twoknob_c4_u8: acc=0.820
past_to_base | dummy6_twoknob_c8_u0: acc=0.367
past_to_base | dummy6_twoknob_c8_u1: acc=0.467
past_to_base | dummy6_twoknob_c8_u2: acc=0.633
past_to_base | dummy6_twoknob_c8_u4: acc=0.733
past_to_base | dummy6_twoknob_c8_u8: acc=0.847
person-sport | dummy6_baseline: acc=0.000
person-sport | dummy6_twoknob_c0_u0: acc=0.000
person-sport | dummy6_twoknob_c0_u1: acc=0.000
person-sport | dummy6_twoknob_c0_u2: acc=0.007
person-sport | dummy6_twoknob_c0_u4: acc=0.020
person-sport | dummy6_twoknob_c0_u8: acc=0.007
person-sport | dummy6_twoknob_c1_u0: acc=0.000
person-sport | dummy6_twoknob_c1_u1: acc=0.013
person-sport | dummy6_twoknob_c1_u2: acc=0.347
person-sport | dummy6_twoknob_c1_u4: acc=0.300
person-sport | dummy6_twoknob_c1_u8: acc=0.013
person-sport | dummy6_twoknob_c2_u0: acc=0.000
person-sport | dummy6_twoknob_c2_u1: acc=0.020
person-sport | dummy6_twoknob_c2_u2: acc=0.400
person-sport | dummy6_twoknob_c2_u4: acc=0.460
person-sport | dummy6_twoknob_c2_u8: acc=0.087
person-sport | dummy6_twoknob_c4_u0: acc=0.000
person-sport | dummy6_twoknob_c4_u1: acc=0.147
person-sport | dummy6_twoknob_c4_u2: acc=0.460
person-sport | dummy6_twoknob_c4_u4: acc=0.507
person-sport | dummy6_twoknob_c4_u8: acc=0.247
person-sport | dummy6_twoknob_c8_u0: acc=0.000
person-sport | dummy6_twoknob_c8_u1: acc=0.013
person-sport | dummy6_twoknob_c8_u2: acc=0.113
person-sport | dummy6_twoknob_c8_u4: acc=0.407
person-sport | dummy6_twoknob_c8_u8: acc=0.467
plural_to_singular | dummy6_baseline: acc=0.000
plural_to_singular | dummy6_twoknob_c0_u0: acc=0.000
plural_to_singular | dummy6_twoknob_c0_u1: acc=0.007
plural_to_singular | dummy6_twoknob_c0_u2: acc=0.007
plural_to_singular | dummy6_twoknob_c0_u4: acc=0.133
plural_to_singular | dummy6_twoknob_c0_u8: acc=0.467
plural_to_singular | dummy6_twoknob_c1_u0: acc=0.000
plural_to_singular | dummy6_twoknob_c1_u1: acc=0.013
plural_to_singular | dummy6_twoknob_c1_u2: acc=0.253
plural_to_singular | dummy6_twoknob_c1_u4: acc=0.787
plural_to_singular | dummy6_twoknob_c1_u8: acc=0.740
plural_to_singular | dummy6_twoknob_c2_u0: acc=0.013
plural_to_singular | dummy6_twoknob_c2_u1: acc=0.313
plural_to_singular | dummy6_twoknob_c2_u2: acc=0.733
plural_to_singular | dummy6_twoknob_c2_u4: acc=0.913
plural_to_singular | dummy6_twoknob_c2_u8: acc=0.860
plural_to_singular | dummy6_twoknob_c4_u0: acc=0.513
plural_to_singular | dummy6_twoknob_c4_u1: acc=0.720
plural_to_singular | dummy6_twoknob_c4_u2: acc=0.900
plural_to_singular | dummy6_twoknob_c4_u4: acc=0.913
plural_to_singular | dummy6_twoknob_c4_u8: acc=0.907
plural_to_singular | dummy6_twoknob_c8_u0: acc=0.513
plural_to_singular | dummy6_twoknob_c8_u1: acc=0.633
plural_to_singular | dummy6_twoknob_c8_u2: acc=0.780
plural_to_singular | dummy6_twoknob_c8_u4: acc=0.840
plural_to_singular | dummy6_twoknob_c8_u8: acc=0.933
present-past | dummy6_baseline: acc=0.000
present-past | dummy6_twoknob_c0_u0: acc=0.000
present-past | dummy6_twoknob_c0_u1: acc=0.000
present-past | dummy6_twoknob_c0_u2: acc=0.020
present-past | dummy6_twoknob_c0_u4: acc=0.280
present-past | dummy6_twoknob_c0_u8: acc=0.513
present-past | dummy6_twoknob_c1_u0: acc=0.000
present-past | dummy6_twoknob_c1_u1: acc=0.007
present-past | dummy6_twoknob_c1_u2: acc=0.520
present-past | dummy6_twoknob_c1_u4: acc=0.560
present-past | dummy6_twoknob_c1_u8: acc=0.567
present-past | dummy6_twoknob_c2_u0: acc=0.000
present-past | dummy6_twoknob_c2_u1: acc=0.073
present-past | dummy6_twoknob_c2_u2: acc=0.740
present-past | dummy6_twoknob_c2_u4: acc=0.800
present-past | dummy6_twoknob_c2_u8: acc=0.753
present-past | dummy6_twoknob_c4_u0: acc=0.033
present-past | dummy6_twoknob_c4_u1: acc=0.087
present-past | dummy6_twoknob_c4_u2: acc=0.540
present-past | dummy6_twoknob_c4_u4: acc=0.793
present-past | dummy6_twoknob_c4_u8: acc=0.820
present-past | dummy6_twoknob_c8_u0: acc=0.040
present-past | dummy6_twoknob_c8_u1: acc=0.040
present-past | dummy6_twoknob_c8_u2: acc=0.093
present-past | dummy6_twoknob_c8_u4: acc=0.447
present-past | dummy6_twoknob_c8_u8: acc=0.867
product-company | dummy6_baseline: acc=0.000
product-company | dummy6_twoknob_c0_u0: acc=0.000
product-company | dummy6_twoknob_c0_u1: acc=0.000
product-company | dummy6_twoknob_c0_u2: acc=0.020
product-company | dummy6_twoknob_c0_u4: acc=0.047
product-company | dummy6_twoknob_c0_u8: acc=0.013
product-company | dummy6_twoknob_c1_u0: acc=0.000
product-company | dummy6_twoknob_c1_u1: acc=0.033
product-company | dummy6_twoknob_c1_u2: acc=0.267
product-company | dummy6_twoknob_c1_u4: acc=0.227
product-company | dummy6_twoknob_c1_u8: acc=0.067
product-company | dummy6_twoknob_c2_u0: acc=0.000
product-company | dummy6_twoknob_c2_u1: acc=0.033
product-company | dummy6_twoknob_c2_u2: acc=0.327
product-company | dummy6_twoknob_c2_u4: acc=0.340
product-company | dummy6_twoknob_c2_u8: acc=0.213
product-company | dummy6_twoknob_c4_u0: acc=0.013
product-company | dummy6_twoknob_c4_u1: acc=0.093
product-company | dummy6_twoknob_c4_u2: acc=0.280
product-company | dummy6_twoknob_c4_u4: acc=0.373
product-company | dummy6_twoknob_c4_u8: acc=0.320
product-company | dummy6_twoknob_c8_u0: acc=0.027
product-company | dummy6_twoknob_c8_u1: acc=0.027
product-company | dummy6_twoknob_c8_u2: acc=0.113
product-company | dummy6_twoknob_c8_u4: acc=0.293
product-company | dummy6_twoknob_c8_u8: acc=0.400
singular-plural | dummy6_baseline: acc=0.000
singular-plural | dummy6_twoknob_c0_u0: acc=0.000
singular-plural | dummy6_twoknob_c0_u1: acc=0.000
singular-plural | dummy6_twoknob_c0_u2: acc=0.067
singular-plural | dummy6_twoknob_c0_u4: acc=0.473
singular-plural | dummy6_twoknob_c0_u8: acc=0.420
singular-plural | dummy6_twoknob_c1_u0: acc=0.000
singular-plural | dummy6_twoknob_c1_u1: acc=0.020
singular-plural | dummy6_twoknob_c1_u2: acc=0.547
singular-plural | dummy6_twoknob_c1_u4: acc=0.793
singular-plural | dummy6_twoknob_c1_u8: acc=0.753
singular-plural | dummy6_twoknob_c2_u0: acc=0.007
singular-plural | dummy6_twoknob_c2_u1: acc=0.227
singular-plural | dummy6_twoknob_c2_u2: acc=0.847
singular-plural | dummy6_twoknob_c2_u4: acc=0.953
singular-plural | dummy6_twoknob_c2_u8: acc=0.873
singular-plural | dummy6_twoknob_c4_u0: acc=0.033
singular-plural | dummy6_twoknob_c4_u1: acc=0.147
singular-plural | dummy6_twoknob_c4_u2: acc=0.853
singular-plural | dummy6_twoknob_c4_u4: acc=0.933
singular-plural | dummy6_twoknob_c4_u8: acc=0.920
singular-plural | dummy6_twoknob_c8_u0: acc=0.033
singular-plural | dummy6_twoknob_c8_u1: acc=0.047
singular-plural | dummy6_twoknob_c8_u2: acc=0.060
singular-plural | dummy6_twoknob_c8_u4: acc=0.720
singular-plural | dummy6_twoknob_c8_u8: acc=0.927
smaller_of_pair | dummy6_baseline: acc=0.000
smaller_of_pair | dummy6_twoknob_c0_u0: acc=0.000
smaller_of_pair | dummy6_twoknob_c0_u1: acc=0.000
smaller_of_pair | dummy6_twoknob_c0_u2: acc=0.000
smaller_of_pair | dummy6_twoknob_c0_u4: acc=0.060
smaller_of_pair | dummy6_twoknob_c0_u8: acc=0.080
smaller_of_pair | dummy6_twoknob_c1_u0: acc=0.000
smaller_of_pair | dummy6_twoknob_c1_u1: acc=0.000
smaller_of_pair | dummy6_twoknob_c1_u2: acc=0.240
smaller_of_pair | dummy6_twoknob_c1_u4: acc=0.387
smaller_of_pair | dummy6_twoknob_c1_u8: acc=0.253
smaller_of_pair | dummy6_twoknob_c2_u0: acc=0.000
smaller_of_pair | dummy6_twoknob_c2_u1: acc=0.020
smaller_of_pair | dummy6_twoknob_c2_u2: acc=0.373
smaller_of_pair | dummy6_twoknob_c2_u4: acc=0.447
smaller_of_pair | dummy6_twoknob_c2_u8: acc=0.360
smaller_of_pair | dummy6_twoknob_c4_u0: acc=0.000
smaller_of_pair | dummy6_twoknob_c4_u1: acc=0.193
smaller_of_pair | dummy6_twoknob_c4_u2: acc=0.373
smaller_of_pair | dummy6_twoknob_c4_u4: acc=0.460
smaller_of_pair | dummy6_twoknob_c4_u8: acc=0.460
smaller_of_pair | dummy6_twoknob_c8_u0: acc=0.007
smaller_of_pair | dummy6_twoknob_c8_u1: acc=0.207
smaller_of_pair | dummy6_twoknob_c8_u2: acc=0.313
smaller_of_pair | dummy6_twoknob_c8_u4: acc=0.527
smaller_of_pair | dummy6_twoknob_c8_u8: acc=0.513
spanish_noun_gender | dummy6_baseline: acc=0.000
spanish_noun_gender | dummy6_twoknob_c0_u0: acc=0.000
spanish_noun_gender | dummy6_twoknob_c0_u1: acc=0.000
spanish_noun_gender | dummy6_twoknob_c0_u2: acc=0.007
spanish_noun_gender | dummy6_twoknob_c0_u4: acc=0.047
spanish_noun_gender | dummy6_twoknob_c0_u8: acc=0.027
spanish_noun_gender | dummy6_twoknob_c1_u0: acc=0.000
spanish_noun_gender | dummy6_twoknob_c1_u1: acc=0.000
spanish_noun_gender | dummy6_twoknob_c1_u2: acc=0.160
spanish_noun_gender | dummy6_twoknob_c1_u4: acc=0.187
spanish_noun_gender | dummy6_twoknob_c1_u8: acc=0.033
spanish_noun_gender | dummy6_twoknob_c2_u0: acc=0.000
spanish_noun_gender | dummy6_twoknob_c2_u1: acc=0.007
spanish_noun_gender | dummy6_twoknob_c2_u2: acc=0.193
spanish_noun_gender | dummy6_twoknob_c2_u4: acc=0.333
spanish_noun_gender | dummy6_twoknob_c2_u8: acc=0.127
spanish_noun_gender | dummy6_twoknob_c4_u0: acc=0.000
spanish_noun_gender | dummy6_twoknob_c4_u1: acc=0.007
spanish_noun_gender | dummy6_twoknob_c4_u2: acc=0.167
spanish_noun_gender | dummy6_twoknob_c4_u4: acc=0.387
spanish_noun_gender | dummy6_twoknob_c4_u8: acc=0.207
spanish_noun_gender | dummy6_twoknob_c8_u0: acc=0.000
spanish_noun_gender | dummy6_twoknob_c8_u1: acc=0.000
spanish_noun_gender | dummy6_twoknob_c8_u2: acc=0.000
spanish_noun_gender | dummy6_twoknob_c8_u4: acc=0.200
spanish_noun_gender | dummy6_twoknob_c8_u8: acc=0.387
third_person_to_base | dummy6_baseline: acc=0.000
third_person_to_base | dummy6_twoknob_c0_u0: acc=0.000
third_person_to_base | dummy6_twoknob_c0_u1: acc=0.000
third_person_to_base | dummy6_twoknob_c0_u2: acc=0.007
third_person_to_base | dummy6_twoknob_c0_u4: acc=0.120
third_person_to_base | dummy6_twoknob_c0_u8: acc=0.520
third_person_to_base | dummy6_twoknob_c1_u0: acc=0.000
third_person_to_base | dummy6_twoknob_c1_u1: acc=0.000
third_person_to_base | dummy6_twoknob_c1_u2: acc=0.207
third_person_to_base | dummy6_twoknob_c1_u4: acc=0.767
third_person_to_base | dummy6_twoknob_c1_u8: acc=0.787
third_person_to_base | dummy6_twoknob_c2_u0: acc=0.013
third_person_to_base | dummy6_twoknob_c2_u1: acc=0.273
third_person_to_base | dummy6_twoknob_c2_u2: acc=0.747
third_person_to_base | dummy6_twoknob_c2_u4: acc=0.920
third_person_to_base | dummy6_twoknob_c2_u8: acc=0.847
third_person_to_base | dummy6_twoknob_c4_u0: acc=0.507
third_person_to_base | dummy6_twoknob_c4_u1: acc=0.767
third_person_to_base | dummy6_twoknob_c4_u2: acc=0.887
third_person_to_base | dummy6_twoknob_c4_u4: acc=0.947
third_person_to_base | dummy6_twoknob_c4_u8: acc=0.913
third_person_to_base | dummy6_twoknob_c8_u0: acc=0.447
third_person_to_base | dummy6_twoknob_c8_u1: acc=0.600
third_person_to_base | dummy6_twoknob_c8_u2: acc=0.727
third_person_to_base | dummy6_twoknob_c8_u4: acc=0.807
third_person_to_base | dummy6_twoknob_c8_u8: acc=0.880
uppercase_word | dummy6_baseline: acc=0.000
uppercase_word | dummy6_twoknob_c0_u0: acc=0.000
uppercase_word | dummy6_twoknob_c0_u1: acc=0.007
uppercase_word | dummy6_twoknob_c0_u2: acc=0.013
uppercase_word | dummy6_twoknob_c0_u4: acc=0.200
uppercase_word | dummy6_twoknob_c0_u8: acc=0.120
uppercase_word | dummy6_twoknob_c1_u0: acc=0.000
uppercase_word | dummy6_twoknob_c1_u1: acc=0.027
uppercase_word | dummy6_twoknob_c1_u2: acc=0.633
uppercase_word | dummy6_twoknob_c1_u4: acc=0.940
uppercase_word | dummy6_twoknob_c1_u8: acc=0.673
uppercase_word | dummy6_twoknob_c2_u0: acc=0.000
uppercase_word | dummy6_twoknob_c2_u1: acc=0.187
uppercase_word | dummy6_twoknob_c2_u2: acc=0.820
uppercase_word | dummy6_twoknob_c2_u4: acc=0.960
uppercase_word | dummy6_twoknob_c2_u8: acc=0.927
uppercase_word | dummy6_twoknob_c4_u0: acc=0.000
uppercase_word | dummy6_twoknob_c4_u1: acc=0.087
uppercase_word | dummy6_twoknob_c4_u2: acc=0.760
uppercase_word | dummy6_twoknob_c4_u4: acc=0.920
uppercase_word | dummy6_twoknob_c4_u8: acc=0.953
uppercase_word | dummy6_twoknob_c8_u0: acc=0.000
uppercase_word | dummy6_twoknob_c8_u1: acc=0.000
uppercase_word | dummy6_twoknob_c8_u2: acc=0.047
uppercase_word | dummy6_twoknob_c8_u4: acc=0.773
uppercase_word | dummy6_twoknob_c8_u8: acc=0.927
verb_tense_label | dummy6_baseline: acc=0.000
verb_tense_label | dummy6_twoknob_c0_u0: acc=0.000
verb_tense_label | dummy6_twoknob_c0_u1: acc=0.000
verb_tense_label | dummy6_twoknob_c0_u2: acc=0.007
verb_tense_label | dummy6_twoknob_c0_u4: acc=0.053
verb_tense_label | dummy6_twoknob_c0_u8: acc=0.040
verb_tense_label | dummy6_twoknob_c1_u0: acc=0.000
verb_tense_label | dummy6_twoknob_c1_u1: acc=0.000
verb_tense_label | dummy6_twoknob_c1_u2: acc=0.027
verb_tense_label | dummy6_twoknob_c1_u4: acc=0.167
verb_tense_label | dummy6_twoknob_c1_u8: acc=0.080
verb_tense_label | dummy6_twoknob_c2_u0: acc=0.000
verb_tense_label | dummy6_twoknob_c2_u1: acc=0.000
verb_tense_label | dummy6_twoknob_c2_u2: acc=0.033
verb_tense_label | dummy6_twoknob_c2_u4: acc=0.160
verb_tense_label | dummy6_twoknob_c2_u8: acc=0.153
verb_tense_label | dummy6_twoknob_c4_u0: acc=0.000
verb_tense_label | dummy6_twoknob_c4_u1: acc=0.000
verb_tense_label | dummy6_twoknob_c4_u2: acc=0.013
verb_tense_label | dummy6_twoknob_c4_u4: acc=0.153
verb_tense_label | dummy6_twoknob_c4_u8: acc=0.167
verb_tense_label | dummy6_twoknob_c8_u0: acc=0.000
verb_tense_label | dummy6_twoknob_c8_u1: acc=0.000
verb_tense_label | dummy6_twoknob_c8_u2: acc=0.000
verb_tense_label | dummy6_twoknob_c8_u4: acc=0.013
verb_tense_label | dummy6_twoknob_c8_u8: acc=0.087
word_polarity | dummy6_baseline: acc=0.000
word_polarity | dummy6_twoknob_c0_u0: acc=0.000
word_polarity | dummy6_twoknob_c0_u1: acc=0.000
word_polarity | dummy6_twoknob_c0_u2: acc=0.007
word_polarity | dummy6_twoknob_c0_u4: acc=0.187
word_polarity | dummy6_twoknob_c0_u8: acc=0.140
word_polarity | dummy6_twoknob_c1_u0: acc=0.000
word_polarity | dummy6_twoknob_c1_u1: acc=0.000
word_polarity | dummy6_twoknob_c1_u2: acc=0.260
word_polarity | dummy6_twoknob_c1_u4: acc=0.473
word_polarity | dummy6_twoknob_c1_u8: acc=0.333
word_polarity | dummy6_twoknob_c2_u0: acc=0.000
word_polarity | dummy6_twoknob_c2_u1: acc=0.000
word_polarity | dummy6_twoknob_c2_u2: acc=0.200
word_polarity | dummy6_twoknob_c2_u4: acc=0.460
word_polarity | dummy6_twoknob_c2_u8: acc=0.407
word_polarity | dummy6_twoknob_c4_u0: acc=0.000
word_polarity | dummy6_twoknob_c4_u1: acc=0.000
word_polarity | dummy6_twoknob_c4_u2: acc=0.193
word_polarity | dummy6_twoknob_c4_u4: acc=0.420
word_polarity | dummy6_twoknob_c4_u8: acc=0.500
word_polarity | dummy6_twoknob_c8_u0: acc=0.000
word_polarity | dummy6_twoknob_c8_u1: acc=0.000
word_polarity | dummy6_twoknob_c8_u2: acc=0.013
word_polarity | dummy6_twoknob_c8_u4: acc=0.240
word_polarity | dummy6_twoknob_c8_u8: acc=0.513
eval done
