Some weights of the model checkpoint at /root/hf/hub/models--EleutherAI--gpt-j-6b/snapshots/47e169305d2e8376be1d31e765533382721b2cc1 were not used when initializing GPTJForCausalLM: ['transformer.h.0.attn.bias', 'transformer.h.0.attn.masked_bias', 'transformer.h.1.attn.bias', 'transformer.h.1.attn.masked_bias', 'transformer.h.10.attn.bias', 'transformer.h.10.attn.masked_bias', 'transformer.h.11.attn.bias', 'transformer.h.11.attn.masked_bias', 'transformer.h.12.attn.bias', 'transformer.h.12.attn.masked_bias', 'transformer.h.13.attn.bias', 'transformer.h.13.attn.masked_bias', 'transformer.h.14.attn.bias', 'transformer.h.14.attn.masked_bias', 'transformer.h.15.attn.bias', 'transformer.h.15.attn.masked_bias', 'transformer.h.16.attn.bias', 'transformer.h.16.attn.masked_bias', 'transformer.h.17.attn.bias', 'transformer.h.17.attn.masked_bias', 'transformer.h.18.attn.bias', 'transformer.h.18.attn.masked_bias', 'transformer.h.19.attn.bias', 'transformer.h.19.attn.masked_bias', 'transformer.h.2.attn.bias', 'transformer.h.2.attn.masked_bias', 'transformer.h.20.attn.bias', 'transformer.h.20.attn.masked_bias', 'transformer.h.21.attn.bias', 'transformer.h.21.attn.masked_bias', 'transformer.h.22.attn.bias', 'transformer.h.22.attn.masked_bias', 'transformer.h.23.attn.bias', 'transformer.h.23.attn.masked_bias', 'transformer.h.24.attn.bias', 'transformer.h.24.attn.masked_bias', 'transformer.h.25.attn.bias', 'transformer.h.25.attn.masked_bias', 'transformer.h.26.attn.bias', 'transformer.h.26.attn.masked_bias', 'transformer.h.27.attn.bias', 'transformer.h.27.attn.masked_bias', 'transformer.h.3.attn.bias', 'transformer.h.3.attn.masked_bias', 'transformer.h.4.attn.bias', 'transformer.h.4.attn.masked_bias', 'transformer.h.5.attn.bias', 'transformer.h.5.attn.masked_bias', 'transformer.h.6.attn.bias', 'transformer.h.6.attn.masked_bias', 'transformer.h.7.attn.bias', 'transformer.h.7.attn.masked_bias', 'transformer.h.8.attn.bias', 'transformer.h.8.attn.masked_bias', 'transformer.h.9.attn.bias', 'transformer.h.9.attn.masked_bias']
- This IS expected if you are initializing GPTJForCausalLM from the checkpoint of a model trained on another task or with another architecture (e.g. initializing a BertForSequenceClassification model from a BertForPreTraining model).
- This IS NOT expected if you are initializing GPTJForCausalLM from the checkpoint of a model that you expect to be exactly identical (initializing a BertForSequenceClassification model from a BertForSequenceClassification model).
agent_noun_to_verb | dummy6_baseline: acc=0.000
agent_noun_to_verb | dummy6_twoknob_c0_u0: acc=0.000
agent_noun_to_verb | dummy6_twoknob_c0_u1: acc=0.000
agent_noun_to_verb | dummy6_twoknob_c0_u2: acc=0.007
agent_noun_to_verb | dummy6_twoknob_c0_u4: acc=0.087
agent_noun_to_verb | dummy6_twoknob_c0_u8: acc=0.260
agent_noun_to_verb | dummy6_twoknob_c1_u0: acc=0.000
agent_noun_to_verb | dummy6_twoknob_c1_u1: acc=0.007
agent_noun_to_verb | dummy6_twoknob_c1_u2: acc=0.020
agent_noun_to_verb | dummy6_twoknob_c1_u4: acc=0.420
agent_noun_to_verb | dummy6_twoknob_c1_u8: acc=0.553
agent_noun_to_verb | dummy6_twoknob_c2_u0: acc=0.007
agent_noun_to_verb | dummy6_twoknob_c2_u1: acc=0.040
agent_noun_to_verb | dummy6_twoknob_c2_u2: acc=0.287
agent_noun_to_verb | dummy6_twoknob_c2_u4: acc=0.573
agent_noun_to_verb | dummy6_twoknob_c2_u8: acc=0.647
agent_noun_to_verb | dummy6_twoknob_c4_u0: acc=0.147
agent_noun_to_verb | dummy6_twoknob_c4_u1: acc=0.313
agent_noun_to_verb | dummy6_twoknob_c4_u2: acc=0.507
agent_noun_to_verb | dummy6_twoknob_c4_u4: acc=0.680
agent_noun_to_verb | dummy6_twoknob_c4_u8: acc=0.680
agent_noun_to_verb | dummy6_twoknob_c8_u0: acc=0.160
agent_noun_to_verb | dummy6_twoknob_c8_u1: acc=0.253
agent_noun_to_verb | dummy6_twoknob_c8_u2: acc=0.347
agent_noun_to_verb | dummy6_twoknob_c8_u4: acc=0.467
agent_noun_to_verb | dummy6_twoknob_c8_u8: acc=0.560
animal_plant_object | dummy6_baseline: acc=0.000
animal_plant_object | dummy6_twoknob_c0_u0: acc=0.000
animal_plant_object | dummy6_twoknob_c0_u1: acc=0.000
animal_plant_object | dummy6_twoknob_c0_u2: acc=0.007
animal_plant_object | dummy6_twoknob_c0_u4: acc=0.100
animal_plant_object | dummy6_twoknob_c0_u8: acc=0.073
animal_plant_object | dummy6_twoknob_c1_u0: acc=0.000
animal_plant_object | dummy6_twoknob_c1_u1: acc=0.000
animal_plant_object | dummy6_twoknob_c1_u2: acc=0.113
animal_plant_object | dummy6_twoknob_c1_u4: acc=0.353
animal_plant_object | dummy6_twoknob_c1_u8: acc=0.173
animal_plant_object | dummy6_twoknob_c2_u0: acc=0.000
animal_plant_object | dummy6_twoknob_c2_u1: acc=0.007
animal_plant_object | dummy6_twoknob_c2_u2: acc=0.133
animal_plant_object | dummy6_twoknob_c2_u4: acc=0.373
animal_plant_object | dummy6_twoknob_c2_u8: acc=0.187
animal_plant_object | dummy6_twoknob_c4_u0: acc=0.000
animal_plant_object | dummy6_twoknob_c4_u1: acc=0.033
animal_plant_object | dummy6_twoknob_c4_u2: acc=0.160
animal_plant_object | dummy6_twoknob_c4_u4: acc=0.360
animal_plant_object | dummy6_twoknob_c4_u8: acc=0.360
animal_plant_object | dummy6_twoknob_c8_u0: acc=0.007
animal_plant_object | dummy6_twoknob_c8_u1: acc=0.013
animal_plant_object | dummy6_twoknob_c8_u2: acc=0.007
animal_plant_object | dummy6_twoknob_c8_u4: acc=0.227
animal_plant_object | dummy6_twoknob_c8_u8: acc=0.353
article_choice | dummy6_baseline: acc=0.000
article_choice | dummy6_twoknob_c0_u0: acc=0.000
article_choice | dummy6_twoknob_c0_u1: acc=0.000
article_choice | dummy6_twoknob_c0_u2: acc=0.007
article_choice | dummy6_twoknob_c0_u4: acc=0.113
article_choice | dummy6_twoknob_c0_u8: acc=0.120
article_choice | dummy6_twoknob_c1_u0: acc=0.000
article_choice | dummy6_twoknob_c1_u1: acc=0.000
article_choice | dummy6_twoknob_c1_u2: acc=0.040
article_choice | dummy6_twoknob_c1_u4: acc=0.267
article_choice | dummy6_twoknob_c1_u8: acc=0.300
article_choice | dummy6_twoknob_c2_u0: acc=0.000
article_choice | dummy6_twoknob_c2_u1: acc=0.000
article_choice | dummy6_twoknob_c2_u2: acc=0.013
article_choice | dummy6_twoknob_c2_u4: acc=0.353
article_choice | dummy6_twoknob_c2_u8: acc=0.333
article_choice | dummy6_twoknob_c4_u0: acc=0.000
article_choice | dummy6_twoknob_c4_u1: acc=0.000
article_choice | dummy6_twoknob_c4_u2: acc=0.087
article_choice | dummy6_twoknob_c4_u4: acc=0.313
article_choice | dummy6_twoknob_c4_u8: acc=0.320
article_choice | dummy6_twoknob_c8_u0: acc=0.000
article_choice | dummy6_twoknob_c8_u1: acc=0.000
article_choice | dummy6_twoknob_c8_u2: acc=0.013
article_choice | dummy6_twoknob_c8_u4: acc=0.180
article_choice | dummy6_twoknob_c8_u8: acc=0.373
capitalize_first_letter | dummy6_baseline: acc=0.000
capitalize_first_letter | dummy6_twoknob_c0_u0: acc=0.000
capitalize_first_letter | dummy6_twoknob_c0_u1: acc=0.000
capitalize_first_letter | dummy6_twoknob_c0_u2: acc=0.013
capitalize_first_letter | dummy6_twoknob_c0_u4: acc=0.127
capitalize_first_letter | dummy6_twoknob_c0_u8: acc=0.053
capitalize_first_letter | dummy6_twoknob_c1_u0: acc=0.000
capitalize_first_letter | dummy6_twoknob_c1_u1: acc=0.000
capitalize_first_letter | dummy6_twoknob_c1_u2: acc=0.207
capitalize_first_letter | dummy6_twoknob_c1_u4: acc=0.433
capitalize_first_letter | dummy6_twoknob_c1_u8: acc=0.160
capitalize_first_letter | dummy6_twoknob_c2_u0: acc=0.000
capitalize_first_letter | dummy6_twoknob_c2_u1: acc=0.027
capitalize_first_letter | dummy6_twoknob_c2_u2: acc=0.480
capitalize_first_letter | dummy6_twoknob_c2_u4: acc=0.720
capitalize_first_letter | dummy6_twoknob_c2_u8: acc=0.493
capitalize_first_letter | dummy6_twoknob_c4_u0: acc=0.000
capitalize_first_letter | dummy6_twoknob_c4_u1: acc=0.047
capitalize_first_letter | dummy6_twoknob_c4_u2: acc=0.493
capitalize_first_letter | dummy6_twoknob_c4_u4: acc=0.767
capitalize_first_letter | dummy6_twoknob_c4_u8: acc=0.713
capitalize_first_letter | dummy6_twoknob_c8_u0: acc=0.000
capitalize_first_letter | dummy6_twoknob_c8_u1: acc=0.007
capitalize_first_letter | dummy6_twoknob_c8_u2: acc=0.073
capitalize_first_letter | dummy6_twoknob_c8_u4: acc=0.473
capitalize_first_letter | dummy6_twoknob_c8_u8: acc=0.773
compound_first | dummy6_baseline: acc=0.000
compound_first | dummy6_twoknob_c0_u0: acc=0.000
compound_first | dummy6_twoknob_c0_u1: acc=0.000
compound_first | dummy6_twoknob_c0_u2: acc=0.000
compound_first | dummy6_twoknob_c0_u4: acc=0.047
compound_first | dummy6_twoknob_c0_u8: acc=0.167
compound_first | dummy6_twoknob_c1_u0: acc=0.000
compound_first | dummy6_twoknob_c1_u1: acc=0.020
compound_first | dummy6_twoknob_c1_u2: acc=0.047
compound_first | dummy6_twoknob_c1_u4: acc=0.307
compound_first | dummy6_twoknob_c1_u8: acc=0.347
compound_first | dummy6_twoknob_c2_u0: acc=0.013
compound_first | dummy6_twoknob_c2_u1: acc=0.047
compound_first | dummy6_twoknob_c2_u2: acc=0.207
compound_first | dummy6_twoknob_c2_u4: acc=0.500
compound_first | dummy6_twoknob_c2_u8: acc=0.433
compound_first | dummy6_twoknob_c4_u0: acc=0.193
compound_first | dummy6_twoknob_c4_u1: acc=0.267
compound_first | dummy6_twoknob_c4_u2: acc=0.427
compound_first | dummy6_twoknob_c4_u4: acc=0.573
compound_first | dummy6_twoknob_c4_u8: acc=0.627
compound_first | dummy6_twoknob_c8_u0: acc=0.180
compound_first | dummy6_twoknob_c8_u1: acc=0.247
compound_first | dummy6_twoknob_c8_u2: acc=0.313
compound_first | dummy6_twoknob_c8_u4: acc=0.300
compound_first | dummy6_twoknob_c8_u8: acc=0.613
contains_letter_e | dummy6_baseline: acc=0.000
contains_letter_e | dummy6_twoknob_c0_u0: acc=0.000
contains_letter_e | dummy6_twoknob_c0_u1: acc=0.000
contains_letter_e | dummy6_twoknob_c0_u2: acc=0.113
contains_letter_e | dummy6_twoknob_c0_u4: acc=0.200
contains_letter_e | dummy6_twoknob_c0_u8: acc=0.073
contains_letter_e | dummy6_twoknob_c1_u0: acc=0.000
contains_letter_e | dummy6_twoknob_c1_u1: acc=0.000
contains_letter_e | dummy6_twoknob_c1_u2: acc=0.200
contains_letter_e | dummy6_twoknob_c1_u4: acc=0.320
contains_letter_e | dummy6_twoknob_c1_u8: acc=0.193
contains_letter_e | dummy6_twoknob_c2_u0: acc=0.000
contains_letter_e | dummy6_twoknob_c2_u1: acc=0.007
contains_letter_e | dummy6_twoknob_c2_u2: acc=0.253
contains_letter_e | dummy6_twoknob_c2_u4: acc=0.333
contains_letter_e | dummy6_twoknob_c2_u8: acc=0.273
contains_letter_e | dummy6_twoknob_c4_u0: acc=0.000
contains_letter_e | dummy6_twoknob_c4_u1: acc=0.007
contains_letter_e | dummy6_twoknob_c4_u2: acc=0.120
contains_letter_e | dummy6_twoknob_c4_u4: acc=0.360
contains_letter_e | dummy6_twoknob_c4_u8: acc=0.387
contains_letter_e | dummy6_twoknob_c8_u0: acc=0.000
contains_letter_e | dummy6_twoknob_c8_u1: acc=0.007
contains_letter_e | dummy6_twoknob_c8_u2: acc=0.000
contains_letter_e | dummy6_twoknob_c8_u4: acc=0.173
contains_letter_e | dummy6_twoknob_c8_u8: acc=0.413
day_after_textual_date | dummy6_baseline: acc=0.000
day_after_textual_date | dummy6_twoknob_c0_u0: acc=0.000
day_after_textual_date | dummy6_twoknob_c0_u1: acc=0.000
day_after_textual_date | dummy6_twoknob_c0_u2: acc=0.027
day_after_textual_date | dummy6_twoknob_c0_u4: acc=0.000
day_after_textual_date | dummy6_twoknob_c0_u8: acc=0.000
day_after_textual_date | dummy6_twoknob_c1_u0: acc=0.000
day_after_textual_date | dummy6_twoknob_c1_u1: acc=0.000
day_after_textual_date | dummy6_twoknob_c1_u2: acc=0.060
day_after_textual_date | dummy6_twoknob_c1_u4: acc=0.040
day_after_textual_date | dummy6_twoknob_c1_u8: acc=0.000
day_after_textual_date | dummy6_twoknob_c2_u0: acc=0.000
day_after_textual_date | dummy6_twoknob_c2_u1: acc=0.000
day_after_textual_date | dummy6_twoknob_c2_u2: acc=0.093
day_after_textual_date | dummy6_twoknob_c2_u4: acc=0.093
day_after_textual_date | dummy6_twoknob_c2_u8: acc=0.000
day_after_textual_date | dummy6_twoknob_c4_u0: acc=0.000
day_after_textual_date | dummy6_twoknob_c4_u1: acc=0.000
day_after_textual_date | dummy6_twoknob_c4_u2: acc=0.047
day_after_textual_date | dummy6_twoknob_c4_u4: acc=0.273
day_after_textual_date | dummy6_twoknob_c4_u8: acc=0.047
day_after_textual_date | dummy6_twoknob_c8_u0: acc=0.000
day_after_textual_date | dummy6_twoknob_c8_u1: acc=0.000
day_after_textual_date | dummy6_twoknob_c8_u2: acc=0.007
day_after_textual_date | dummy6_twoknob_c8_u4: acc=0.067
day_after_textual_date | dummy6_twoknob_c8_u8: acc=0.153
english-french | dummy6_baseline: acc=0.000
english-french | dummy6_twoknob_c0_u0: acc=0.000
english-french | dummy6_twoknob_c0_u1: acc=0.007
english-french | dummy6_twoknob_c0_u2: acc=0.000
english-french | dummy6_twoknob_c0_u4: acc=0.007
english-french | dummy6_twoknob_c0_u8: acc=0.000
english-french | dummy6_twoknob_c1_u0: acc=0.000
english-french | dummy6_twoknob_c1_u1: acc=0.007
english-french | dummy6_twoknob_c1_u2: acc=0.213
english-french | dummy6_twoknob_c1_u4: acc=0.487
english-french | dummy6_twoknob_c1_u8: acc=0.047
english-french | dummy6_twoknob_c2_u0: acc=0.000
english-french | dummy6_twoknob_c2_u1: acc=0.027
english-french | dummy6_twoknob_c2_u2: acc=0.393
english-french | dummy6_twoknob_c2_u4: acc=0.513
english-french | dummy6_twoknob_c2_u8: acc=0.380
english-french | dummy6_twoknob_c4_u0: acc=0.007
english-french | dummy6_twoknob_c4_u1: acc=0.013
english-french | dummy6_twoknob_c4_u2: acc=0.300
english-french | dummy6_twoknob_c4_u4: acc=0.553
english-french | dummy6_twoknob_c4_u8: acc=0.553
english-french | dummy6_twoknob_c8_u0: acc=0.000
english-french | dummy6_twoknob_c8_u1: acc=0.000
english-french | dummy6_twoknob_c8_u2: acc=0.007
english-french | dummy6_twoknob_c8_u4: acc=0.240
english-french | dummy6_twoknob_c8_u8: acc=0.520
english-portuguese | dummy6_baseline: acc=0.000
english-portuguese | dummy6_twoknob_c0_u0: acc=0.000
english-portuguese | dummy6_twoknob_c0_u1: acc=0.000
english-portuguese | dummy6_twoknob_c0_u2: acc=0.000
english-portuguese | dummy6_twoknob_c0_u4: acc=0.027
english-portuguese | dummy6_twoknob_c0_u8: acc=0.000
english-portuguese | dummy6_twoknob_c1_u0: acc=0.000
english-portuguese | dummy6_twoknob_c1_u1: acc=0.000
english-portuguese | dummy6_twoknob_c1_u2: acc=0.247
english-portuguese | dummy6_twoknob_c1_u4: acc=0.453
english-portuguese | dummy6_twoknob_c1_u8: acc=0.100
english-portuguese | dummy6_twoknob_c2_u0: acc=0.000
english-portuguese | dummy6_twoknob_c2_u1: acc=0.020
english-portuguese | dummy6_twoknob_c2_u2: acc=0.487
english-portuguese | dummy6_twoknob_c2_u4: acc=0.533
english-portuguese | dummy6_twoknob_c2_u8: acc=0.453
english-portuguese | dummy6_twoknob_c4_u0: acc=0.000
english-portuguese | dummy6_twoknob_c4_u1: acc=0.027
english-portuguese | dummy6_twoknob_c4_u2: acc=0.320
english-portuguese | dummy6_twoknob_c4_u4: acc=0.573
english-portuguese | dummy6_twoknob_c4_u8: acc=0.620
english-portuguese | dummy6_twoknob_c8_u0: acc=0.000
english-portuguese | dummy6_twoknob_c8_u1: acc=0.000
english-portuguese | dummy6_twoknob_c8_u2: acc=0.000
english-portuguese | dummy6_twoknob_c8_u4: acc=0.293
english-portuguese | dummy6_twoknob_c8_u8: acc=0.607
first_digit | dummy6_baseline: acc=0.000
first_digit | dummy6_twoknob_c0_u0: acc=0.000
first_digit | dummy6_twoknob_c0_u1: acc=0.000
first_digit | dummy6_twoknob_c0_u2: acc=0.020
first_digit | dummy6_twoknob_c0_u4: acc=0.073
first_digit | dummy6_twoknob_c0_u8: acc=0.100
first_digit | dummy6_twoknob_c1_u0: acc=0.000
first_digit | dummy6_twoknob_c1_u1: acc=0.000
first_digit | dummy6_twoknob_c1_u2: acc=0.100
first_digit | dummy6_twoknob_c1_u4: acc=0.273
first_digit | dummy6_twoknob_c1_u8: acc=0.180
first_digit | dummy6_twoknob_c2_u0: acc=0.000
first_digit | dummy6_twoknob_c2_u1: acc=0.007
first_digit | dummy6_twoknob_c2_u2: acc=0.147
first_digit | dummy6_twoknob_c2_u4: acc=0.567
first_digit | dummy6_twoknob_c2_u8: acc=0.347
first_digit | dummy6_twoknob_c4_u0: acc=0.000
first_digit | dummy6_twoknob_c4_u1: acc=0.020
first_digit | dummy6_twoknob_c4_u2: acc=0.313
first_digit | dummy6_twoknob_c4_u4: acc=0.687
first_digit | dummy6_twoknob_c4_u8: acc=0.653
first_digit | dummy6_twoknob_c8_u0: acc=0.013
first_digit | dummy6_twoknob_c8_u1: acc=0.073
first_digit | dummy6_twoknob_c8_u2: acc=0.160
first_digit | dummy6_twoknob_c8_u4: acc=0.487
first_digit | dummy6_twoknob_c8_u8: acc=0.627
french-english | dummy6_baseline: acc=0.000
french-english | dummy6_twoknob_c0_u0: acc=0.000
french-english | dummy6_twoknob_c0_u1: acc=0.000
french-english | dummy6_twoknob_c0_u2: acc=0.007
french-english | dummy6_twoknob_c0_u4: acc=0.027
french-english | dummy6_twoknob_c0_u8: acc=0.093
french-english | dummy6_twoknob_c1_u0: acc=0.000
french-english | dummy6_twoknob_c1_u1: acc=0.000
french-english | dummy6_twoknob_c1_u2: acc=0.033
french-english | dummy6_twoknob_c1_u4: acc=0.267
french-english | dummy6_twoknob_c1_u8: acc=0.560
french-english | dummy6_twoknob_c2_u0: acc=0.013
french-english | dummy6_twoknob_c2_u1: acc=0.053
french-english | dummy6_twoknob_c2_u2: acc=0.260
french-english | dummy6_twoknob_c2_u4: acc=0.573
french-english | dummy6_twoknob_c2_u8: acc=0.700
french-english | dummy6_twoknob_c4_u0: acc=0.273
french-english | dummy6_twoknob_c4_u1: acc=0.520
french-english | dummy6_twoknob_c4_u2: acc=0.573
french-english | dummy6_twoknob_c4_u4: acc=0.687
french-english | dummy6_twoknob_c4_u8: acc=0.667
french-english | dummy6_twoknob_c8_u0: acc=0.327
french-english | dummy6_twoknob_c8_u1: acc=0.447
french-english | dummy6_twoknob_c8_u2: acc=0.573
french-english | dummy6_twoknob_c8_u4: acc=0.647
french-english | dummy6_twoknob_c8_u8: acc=0.753
german-english | dummy6_baseline: acc=0.000
german-english | dummy6_twoknob_c0_u0: acc=0.000
german-english | dummy6_twoknob_c0_u1: acc=0.000
german-english | dummy6_twoknob_c0_u2: acc=0.000
german-english | dummy6_twoknob_c0_u4: acc=0.033
german-english | dummy6_twoknob_c0_u8: acc=0.047
german-english | dummy6_twoknob_c1_u0: acc=0.000
german-english | dummy6_twoknob_c1_u1: acc=0.007
german-english | dummy6_twoknob_c1_u2: acc=0.040
german-english | dummy6_twoknob_c1_u4: acc=0.247
german-english | dummy6_twoknob_c1_u8: acc=0.513
german-english | dummy6_twoknob_c2_u0: acc=0.013
german-english | dummy6_twoknob_c2_u1: acc=0.067
german-english | dummy6_twoknob_c2_u2: acc=0.233
german-english | dummy6_twoknob_c2_u4: acc=0.540
german-english | dummy6_twoknob_c2_u8: acc=0.627
german-english | dummy6_twoknob_c4_u0: acc=0.273
german-english | dummy6_twoknob_c4_u1: acc=0.520
german-english | dummy6_twoknob_c4_u2: acc=0.707
german-english | dummy6_twoknob_c4_u4: acc=0.707
german-english | dummy6_twoknob_c4_u8: acc=0.760
german-english | dummy6_twoknob_c8_u0: acc=0.347
german-english | dummy6_twoknob_c8_u1: acc=0.500
german-english | dummy6_twoknob_c8_u2: acc=0.540
german-english | dummy6_twoknob_c8_u4: acc=0.693
german-english | dummy6_twoknob_c8_u8: acc=0.747
gerund_to_base | dummy6_baseline: acc=0.000
gerund_to_base | dummy6_twoknob_c0_u0: acc=0.000
gerund_to_base | dummy6_twoknob_c0_u1: acc=0.007
gerund_to_base | dummy6_twoknob_c0_u2: acc=0.007
gerund_to_base | dummy6_twoknob_c0_u4: acc=0.087
gerund_to_base | dummy6_twoknob_c0_u8: acc=0.380
gerund_to_base | dummy6_twoknob_c1_u0: acc=0.000
gerund_to_base | dummy6_twoknob_c1_u1: acc=0.007
gerund_to_base | dummy6_twoknob_c1_u2: acc=0.073
gerund_to_base | dummy6_twoknob_c1_u4: acc=0.587
gerund_to_base | dummy6_twoknob_c1_u8: acc=0.600
gerund_to_base | dummy6_twoknob_c2_u0: acc=0.000
gerund_to_base | dummy6_twoknob_c2_u1: acc=0.167
gerund_to_base | dummy6_twoknob_c2_u2: acc=0.513
gerund_to_base | dummy6_twoknob_c2_u4: acc=0.740
gerund_to_base | dummy6_twoknob_c2_u8: acc=0.733
gerund_to_base | dummy6_twoknob_c4_u0: acc=0.453
gerund_to_base | dummy6_twoknob_c4_u1: acc=0.667
gerund_to_base | dummy6_twoknob_c4_u2: acc=0.813
gerund_to_base | dummy6_twoknob_c4_u4: acc=0.893
gerund_to_base | dummy6_twoknob_c4_u8: acc=0.853
gerund_to_base | dummy6_twoknob_c8_u0: acc=0.473
gerund_to_base | dummy6_twoknob_c8_u1: acc=0.580
gerund_to_base | dummy6_twoknob_c8_u2: acc=0.673
gerund_to_base | dummy6_twoknob_c8_u4: acc=0.827
gerund_to_base | dummy6_twoknob_c8_u8: acc=0.900
hypernym_category | dummy6_baseline: acc=0.000
hypernym_category | dummy6_twoknob_c0_u0: acc=0.000
hypernym_category | dummy6_twoknob_c0_u1: acc=0.000
hypernym_category | dummy6_twoknob_c0_u2: acc=0.000
hypernym_category | dummy6_twoknob_c0_u4: acc=0.047
hypernym_category | dummy6_twoknob_c0_u8: acc=0.027
hypernym_category | dummy6_twoknob_c1_u0: acc=0.000
hypernym_category | dummy6_twoknob_c1_u1: acc=0.000
hypernym_category | dummy6_twoknob_c1_u2: acc=0.080
hypernym_category | dummy6_twoknob_c1_u4: acc=0.287
hypernym_category | dummy6_twoknob_c1_u8: acc=0.193
hypernym_category | dummy6_twoknob_c2_u0: acc=0.000
hypernym_category | dummy6_twoknob_c2_u1: acc=0.007
hypernym_category | dummy6_twoknob_c2_u2: acc=0.153
hypernym_category | dummy6_twoknob_c2_u4: acc=0.400
hypernym_category | dummy6_twoknob_c2_u8: acc=0.253
hypernym_category | dummy6_twoknob_c4_u0: acc=0.007
hypernym_category | dummy6_twoknob_c4_u1: acc=0.040
hypernym_category | dummy6_twoknob_c4_u2: acc=0.213
hypernym_category | dummy6_twoknob_c4_u4: acc=0.320
hypernym_category | dummy6_twoknob_c4_u8: acc=0.393
hypernym_category | dummy6_twoknob_c8_u0: acc=0.000
hypernym_category | dummy6_twoknob_c8_u1: acc=0.033
hypernym_category | dummy6_twoknob_c8_u2: acc=0.040
hypernym_category | dummy6_twoknob_c8_u4: acc=0.200
hypernym_category | dummy6_twoknob_c8_u8: acc=0.413
iso_date_to_month | dummy6_baseline: acc=0.000
iso_date_to_month | dummy6_twoknob_c0_u0: acc=0.000
iso_date_to_month | dummy6_twoknob_c0_u1: acc=0.000
iso_date_to_month | dummy6_twoknob_c0_u2: acc=0.053
iso_date_to_month | dummy6_twoknob_c0_u4: acc=0.020
iso_date_to_month | dummy6_twoknob_c0_u8: acc=0.000
iso_date_to_month | dummy6_twoknob_c1_u0: acc=0.000
iso_date_to_month | dummy6_twoknob_c1_u1: acc=0.007
iso_date_to_month | dummy6_twoknob_c1_u2: acc=0.353
iso_date_to_month | dummy6_twoknob_c1_u4: acc=0.187
iso_date_to_month | dummy6_twoknob_c1_u8: acc=0.013
iso_date_to_month | dummy6_twoknob_c2_u0: acc=0.000
iso_date_to_month | dummy6_twoknob_c2_u1: acc=0.027
iso_date_to_month | dummy6_twoknob_c2_u2: acc=0.553
iso_date_to_month | dummy6_twoknob_c2_u4: acc=0.360
iso_date_to_month | dummy6_twoknob_c2_u8: acc=0.100
iso_date_to_month | dummy6_twoknob_c4_u0: acc=0.000
iso_date_to_month | dummy6_twoknob_c4_u1: acc=0.160
iso_date_to_month | dummy6_twoknob_c4_u2: acc=0.407
iso_date_to_month | dummy6_twoknob_c4_u4: acc=0.560
iso_date_to_month | dummy6_twoknob_c4_u8: acc=0.387
iso_date_to_month | dummy6_twoknob_c8_u0: acc=0.007
iso_date_to_month | dummy6_twoknob_c8_u1: acc=0.093
iso_date_to_month | dummy6_twoknob_c8_u2: acc=0.113
iso_date_to_month | dummy6_twoknob_c8_u4: acc=0.267
iso_date_to_month | dummy6_twoknob_c8_u8: acc=0.500
landmark-country | dummy6_baseline: acc=0.000
landmark-country | dummy6_twoknob_c0_u0: acc=0.000
landmark-country | dummy6_twoknob_c0_u1: acc=0.000
landmark-country | dummy6_twoknob_c0_u2: acc=0.053
landmark-country | dummy6_twoknob_c0_u4: acc=0.080
landmark-country | dummy6_twoknob_c0_u8: acc=0.013
landmark-country | dummy6_twoknob_c1_u0: acc=0.000
landmark-country | dummy6_twoknob_c1_u1: acc=0.020
landmark-country | dummy6_twoknob_c1_u2: acc=0.407
landmark-country | dummy6_twoknob_c1_u4: acc=0.360
landmark-country | dummy6_twoknob_c1_u8: acc=0.140
landmark-country | dummy6_twoknob_c2_u0: acc=0.000
landmark-country | dummy6_twoknob_c2_u1: acc=0.027
landmark-country | dummy6_twoknob_c2_u2: acc=0.460
landmark-country | dummy6_twoknob_c2_u4: acc=0.460
landmark-country | dummy6_twoknob_c2_u8: acc=0.253
landmark-country | dummy6_twoknob_c4_u0: acc=0.007
landmark-country | dummy6_twoknob_c4_u1: acc=0.133
landmark-country | dummy6_twoknob_c4_u2: acc=0.407
landmark-country | dummy6_twoknob_c4_u4: acc=0.487
landmark-country | dummy6_twoknob_c4_u8: acc=0.440
landmark-country | dummy6_twoknob_c8_u0: acc=0.000
landmark-country | dummy6_twoknob_c8_u1: acc=0.033
landmark-country | dummy6_twoknob_c8_u2: acc=0.133
landmark-country | dummy6_twoknob_c8_u4: acc=0.400
landmark-country | dummy6_twoknob_c8_u8: acc=0.513
larger_of_pair | dummy6_baseline: acc=0.000
larger_of_pair | dummy6_twoknob_c0_u0: acc=0.000
larger_of_pair | dummy6_twoknob_c0_u1: acc=0.000
larger_of_pair | dummy6_twoknob_c0_u2: acc=0.033
larger_of_pair | dummy6_twoknob_c0_u4: acc=0.080
larger_of_pair | dummy6_twoknob_c0_u8: acc=0.033
larger_of_pair | dummy6_twoknob_c1_u0: acc=0.000
larger_of_pair | dummy6_twoknob_c1_u1: acc=0.000
larger_of_pair | dummy6_twoknob_c1_u2: acc=0.273
larger_of_pair | dummy6_twoknob_c1_u4: acc=0.247
larger_of_pair | dummy6_twoknob_c1_u8: acc=0.200
larger_of_pair | dummy6_twoknob_c2_u0: acc=0.000
larger_of_pair | dummy6_twoknob_c2_u1: acc=0.013
larger_of_pair | dummy6_twoknob_c2_u2: acc=0.347
larger_of_pair | dummy6_twoknob_c2_u4: acc=0.367
larger_of_pair | dummy6_twoknob_c2_u8: acc=0.320
larger_of_pair | dummy6_twoknob_c4_u0: acc=0.013
larger_of_pair | dummy6_twoknob_c4_u1: acc=0.080
larger_of_pair | dummy6_twoknob_c4_u2: acc=0.273
larger_of_pair | dummy6_twoknob_c4_u4: acc=0.400
larger_of_pair | dummy6_twoknob_c4_u8: acc=0.393
larger_of_pair | dummy6_twoknob_c8_u0: acc=0.033
larger_of_pair | dummy6_twoknob_c8_u1: acc=0.080
larger_of_pair | dummy6_twoknob_c8_u2: acc=0.180
larger_of_pair | dummy6_twoknob_c8_u4: acc=0.360
larger_of_pair | dummy6_twoknob_c8_u8: acc=0.400
lowercase_first_letter | dummy6_baseline: acc=0.000
lowercase_first_letter | dummy6_twoknob_c0_u0: acc=0.000
lowercase_first_letter | dummy6_twoknob_c0_u1: acc=0.000
lowercase_first_letter | dummy6_twoknob_c0_u2: acc=0.000
lowercase_first_letter | dummy6_twoknob_c0_u4: acc=0.053
lowercase_first_letter | dummy6_twoknob_c0_u8: acc=0.007
lowercase_first_letter | dummy6_twoknob_c1_u0: acc=0.000
lowercase_first_letter | dummy6_twoknob_c1_u1: acc=0.013
lowercase_first_letter | dummy6_twoknob_c1_u2: acc=0.240
lowercase_first_letter | dummy6_twoknob_c1_u4: acc=0.413
lowercase_first_letter | dummy6_twoknob_c1_u8: acc=0.087
lowercase_first_letter | dummy6_twoknob_c2_u0: acc=0.000
lowercase_first_letter | dummy6_twoknob_c2_u1: acc=0.000
lowercase_first_letter | dummy6_twoknob_c2_u2: acc=0.473
lowercase_first_letter | dummy6_twoknob_c2_u4: acc=0.633
lowercase_first_letter | dummy6_twoknob_c2_u8: acc=0.333
lowercase_first_letter | dummy6_twoknob_c4_u0: acc=0.000
lowercase_first_letter | dummy6_twoknob_c4_u1: acc=0.113
lowercase_first_letter | dummy6_twoknob_c4_u2: acc=0.433
lowercase_first_letter | dummy6_twoknob_c4_u4: acc=0.693
lowercase_first_letter | dummy6_twoknob_c4_u8: acc=0.667
lowercase_first_letter | dummy6_twoknob_c8_u0: acc=0.020
lowercase_first_letter | dummy6_twoknob_c8_u1: acc=0.027
lowercase_first_letter | dummy6_twoknob_c8_u2: acc=0.187
lowercase_first_letter | dummy6_twoknob_c8_u4: acc=0.460
lowercase_first_letter | dummy6_twoknob_c8_u8: acc=0.793
national_parks | dummy6_baseline: acc=0.000
national_parks | dummy6_twoknob_c0_u0: acc=0.000
national_parks | dummy6_twoknob_c0_u1: acc=0.000
national_parks | dummy6_twoknob_c0_u2: acc=0.120
national_parks | dummy6_twoknob_c0_u4: acc=0.100
national_parks | dummy6_twoknob_c0_u8: acc=0.007
national_parks | dummy6_twoknob_c1_u0: acc=0.000
national_parks | dummy6_twoknob_c1_u1: acc=0.053
national_parks | dummy6_twoknob_c1_u2: acc=0.447
national_parks | dummy6_twoknob_c1_u4: acc=0.313
national_parks | dummy6_twoknob_c1_u8: acc=0.053
national_parks | dummy6_twoknob_c2_u0: acc=0.000
national_parks | dummy6_twoknob_c2_u1: acc=0.033
national_parks | dummy6_twoknob_c2_u2: acc=0.420
national_parks | dummy6_twoknob_c2_u4: acc=0.440
national_parks | dummy6_twoknob_c2_u8: acc=0.120
national_parks | dummy6_twoknob_c4_u0: acc=0.000
national_parks | dummy6_twoknob_c4_u1: acc=0.160
national_parks | dummy6_twoknob_c4_u2: acc=0.300
national_parks | dummy6_twoknob_c4_u4: acc=0.487
national_parks | dummy6_twoknob_c4_u8: acc=0.413
national_parks | dummy6_twoknob_c8_u0: acc=0.020
national_parks | dummy6_twoknob_c8_u1: acc=0.040
national_parks | dummy6_twoknob_c8_u2: acc=0.207
national_parks | dummy6_twoknob_c8_u4: acc=0.353
national_parks | dummy6_twoknob_c8_u8: acc=0.407
next_item | dummy6_baseline: acc=0.000
next_item | dummy6_twoknob_c0_u0: acc=0.000
next_item | dummy6_twoknob_c0_u1: acc=0.000
next_item | dummy6_twoknob_c0_u2: acc=0.013
next_item | dummy6_twoknob_c0_u4: acc=0.147
next_item | dummy6_twoknob_c0_u8: acc=0.227
next_item | dummy6_twoknob_c1_u0: acc=0.000
next_item | dummy6_twoknob_c1_u1: acc=0.000
next_item | dummy6_twoknob_c1_u2: acc=0.013
next_item | dummy6_twoknob_c1_u4: acc=0.287
next_item | dummy6_twoknob_c1_u8: acc=0.293
next_item | dummy6_twoknob_c2_u0: acc=0.000
next_item | dummy6_twoknob_c2_u1: acc=0.000
next_item | dummy6_twoknob_c2_u2: acc=0.040
next_item | dummy6_twoknob_c2_u4: acc=0.533
next_item | dummy6_twoknob_c2_u8: acc=0.433
next_item | dummy6_twoknob_c4_u0: acc=0.000
next_item | dummy6_twoknob_c4_u1: acc=0.007
next_item | dummy6_twoknob_c4_u2: acc=0.013
next_item | dummy6_twoknob_c4_u4: acc=0.427
next_item | dummy6_twoknob_c4_u8: acc=0.647
next_item | dummy6_twoknob_c8_u0: acc=0.000
next_item | dummy6_twoknob_c8_u1: acc=0.007
next_item | dummy6_twoknob_c8_u2: acc=0.007
next_item | dummy6_twoknob_c8_u4: acc=0.020
next_item | dummy6_twoknob_c8_u8: acc=0.487
next_number_digits | dummy6_baseline: acc=0.000
next_number_digits | dummy6_twoknob_c0_u0: acc=0.000
next_number_digits | dummy6_twoknob_c0_u1: acc=0.000
next_number_digits | dummy6_twoknob_c0_u2: acc=0.113
next_number_digits | dummy6_twoknob_c0_u4: acc=0.413
next_number_digits | dummy6_twoknob_c0_u8: acc=0.233
next_number_digits | dummy6_twoknob_c1_u0: acc=0.000
next_number_digits | dummy6_twoknob_c1_u1: acc=0.000
next_number_digits | dummy6_twoknob_c1_u2: acc=0.240
next_number_digits | dummy6_twoknob_c1_u4: acc=0.620
next_number_digits | dummy6_twoknob_c1_u8: acc=0.567
next_number_digits | dummy6_twoknob_c2_u0: acc=0.000
next_number_digits | dummy6_twoknob_c2_u1: acc=0.007
next_number_digits | dummy6_twoknob_c2_u2: acc=0.287
next_number_digits | dummy6_twoknob_c2_u4: acc=0.773
next_number_digits | dummy6_twoknob_c2_u8: acc=0.747
next_number_digits | dummy6_twoknob_c4_u0: acc=0.007
next_number_digits | dummy6_twoknob_c4_u1: acc=0.013
next_number_digits | dummy6_twoknob_c4_u2: acc=0.367
next_number_digits | dummy6_twoknob_c4_u4: acc=0.900
next_number_digits | dummy6_twoknob_c4_u8: acc=0.880
next_number_digits | dummy6_twoknob_c8_u0: acc=0.000
next_number_digits | dummy6_twoknob_c8_u1: acc=0.033
next_number_digits | dummy6_twoknob_c8_u2: acc=0.073
next_number_digits | dummy6_twoknob_c8_u4: acc=0.593
next_number_digits | dummy6_twoknob_c8_u8: acc=0.933
park-country | dummy6_baseline: acc=0.000
park-country | dummy6_twoknob_c0_u0: acc=0.000
park-country | dummy6_twoknob_c0_u1: acc=0.007
park-country | dummy6_twoknob_c0_u2: acc=0.127
park-country | dummy6_twoknob_c0_u4: acc=0.167
park-country | dummy6_twoknob_c0_u8: acc=0.000
park-country | dummy6_twoknob_c1_u0: acc=0.000
park-country | dummy6_twoknob_c1_u1: acc=0.013
park-country | dummy6_twoknob_c1_u2: acc=0.380
park-country | dummy6_twoknob_c1_u4: acc=0.287
park-country | dummy6_twoknob_c1_u8: acc=0.047
park-country | dummy6_twoknob_c2_u0: acc=0.000
park-country | dummy6_twoknob_c2_u1: acc=0.027
park-country | dummy6_twoknob_c2_u2: acc=0.420
park-country | dummy6_twoknob_c2_u4: acc=0.453
park-country | dummy6_twoknob_c2_u8: acc=0.093
park-country | dummy6_twoknob_c4_u0: acc=0.007
park-country | dummy6_twoknob_c4_u1: acc=0.220
park-country | dummy6_twoknob_c4_u2: acc=0.380
park-country | dummy6_twoknob_c4_u4: acc=0.447
park-country | dummy6_twoknob_c4_u8: acc=0.413
park-country | dummy6_twoknob_c8_u0: acc=0.007
park-country | dummy6_twoknob_c8_u1: acc=0.113
park-country | dummy6_twoknob_c8_u2: acc=0.253
park-country | dummy6_twoknob_c8_u4: acc=0.433
park-country | dummy6_twoknob_c8_u8: acc=0.420
person-instrument | dummy6_baseline: acc=0.000
person-instrument | dummy6_twoknob_c0_u0: acc=0.000
person-instrument | dummy6_twoknob_c0_u1: acc=0.000
person-instrument | dummy6_twoknob_c0_u2: acc=0.007
person-instrument | dummy6_twoknob_c0_u4: acc=0.007
person-instrument | dummy6_twoknob_c0_u8: acc=0.000
person-instrument | dummy6_twoknob_c1_u0: acc=0.000
person-instrument | dummy6_twoknob_c1_u1: acc=0.007
person-instrument | dummy6_twoknob_c1_u2: acc=0.087
person-instrument | dummy6_twoknob_c1_u4: acc=0.113
person-instrument | dummy6_twoknob_c1_u8: acc=0.000
person-instrument | dummy6_twoknob_c2_u0: acc=0.000
person-instrument | dummy6_twoknob_c2_u1: acc=0.027
person-instrument | dummy6_twoknob_c2_u2: acc=0.127
person-instrument | dummy6_twoknob_c2_u4: acc=0.107
person-instrument | dummy6_twoknob_c2_u8: acc=0.013
person-instrument | dummy6_twoknob_c4_u0: acc=0.007
person-instrument | dummy6_twoknob_c4_u1: acc=0.080
person-instrument | dummy6_twoknob_c4_u2: acc=0.167
person-instrument | dummy6_twoknob_c4_u4: acc=0.173
person-instrument | dummy6_twoknob_c4_u8: acc=0.120
person-instrument | dummy6_twoknob_c8_u0: acc=0.000
person-instrument | dummy6_twoknob_c8_u1: acc=0.027
person-instrument | dummy6_twoknob_c8_u2: acc=0.093
person-instrument | dummy6_twoknob_c8_u4: acc=0.180
person-instrument | dummy6_twoknob_c8_u8: acc=0.147
person_place_thing | dummy6_baseline: acc=0.000
person_place_thing | dummy6_twoknob_c0_u0: acc=0.000
person_place_thing | dummy6_twoknob_c0_u1: acc=0.000
person_place_thing | dummy6_twoknob_c0_u2: acc=0.013
person_place_thing | dummy6_twoknob_c0_u4: acc=0.113
person_place_thing | dummy6_twoknob_c0_u8: acc=0.120
person_place_thing | dummy6_twoknob_c1_u0: acc=0.000
person_place_thing | dummy6_twoknob_c1_u1: acc=0.000
person_place_thing | dummy6_twoknob_c1_u2: acc=0.053
person_place_thing | dummy6_twoknob_c1_u4: acc=0.320
person_place_thing | dummy6_twoknob_c1_u8: acc=0.267
person_place_thing | dummy6_twoknob_c2_u0: acc=0.000
person_place_thing | dummy6_twoknob_c2_u1: acc=0.000
person_place_thing | dummy6_twoknob_c2_u2: acc=0.067
person_place_thing | dummy6_twoknob_c2_u4: acc=0.347
person_place_thing | dummy6_twoknob_c2_u8: acc=0.273
person_place_thing | dummy6_twoknob_c4_u0: acc=0.000
person_place_thing | dummy6_twoknob_c4_u1: acc=0.000
person_place_thing | dummy6_twoknob_c4_u2: acc=0.033
person_place_thing | dummy6_twoknob_c4_u4: acc=0.320
person_place_thing | dummy6_twoknob_c4_u8: acc=0.360
person_place_thing | dummy6_twoknob_c8_u0: acc=0.000
person_place_thing | dummy6_twoknob_c8_u1: acc=0.000
person_place_thing | dummy6_twoknob_c8_u2: acc=0.000
person_place_thing | dummy6_twoknob_c8_u4: acc=0.047
person_place_thing | dummy6_twoknob_c8_u8: acc=0.307
pos_label | dummy6_baseline: acc=0.000
pos_label | dummy6_twoknob_c0_u0: acc=0.000
pos_label | dummy6_twoknob_c0_u1: acc=0.000
pos_label | dummy6_twoknob_c0_u2: acc=0.020
pos_label | dummy6_twoknob_c0_u4: acc=0.040
pos_label | dummy6_twoknob_c0_u8: acc=0.027
pos_label | dummy6_twoknob_c1_u0: acc=0.000
pos_label | dummy6_twoknob_c1_u1: acc=0.000
pos_label | dummy6_twoknob_c1_u2: acc=0.147
pos_label | dummy6_twoknob_c1_u4: acc=0.273
pos_label | dummy6_twoknob_c1_u8: acc=0.060
pos_label | dummy6_twoknob_c2_u0: acc=0.000
pos_label | dummy6_twoknob_c2_u1: acc=0.000
pos_label | dummy6_twoknob_c2_u2: acc=0.233
pos_label | dummy6_twoknob_c2_u4: acc=0.340
pos_label | dummy6_twoknob_c2_u8: acc=0.120
pos_label | dummy6_twoknob_c4_u0: acc=0.000
pos_label | dummy6_twoknob_c4_u1: acc=0.007
pos_label | dummy6_twoknob_c4_u2: acc=0.187
pos_label | dummy6_twoknob_c4_u4: acc=0.253
pos_label | dummy6_twoknob_c4_u8: acc=0.207
pos_label | dummy6_twoknob_c8_u0: acc=0.000
pos_label | dummy6_twoknob_c8_u1: acc=0.000
pos_label | dummy6_twoknob_c8_u2: acc=0.000
pos_label | dummy6_twoknob_c8_u4: acc=0.193
pos_label | dummy6_twoknob_c8_u8: acc=0.280
prev_number_digits | dummy6_baseline: acc=0.000
prev_number_digits | dummy6_twoknob_c0_u0: acc=0.000
prev_number_digits | dummy6_twoknob_c0_u1: acc=0.000
prev_number_digits | dummy6_twoknob_c0_u2: acc=0.080
prev_number_digits | dummy6_twoknob_c0_u4: acc=0.433
prev_number_digits | dummy6_twoknob_c0_u8: acc=0.433
prev_number_digits | dummy6_twoknob_c1_u0: acc=0.000
prev_number_digits | dummy6_twoknob_c1_u1: acc=0.000
prev_number_digits | dummy6_twoknob_c1_u2: acc=0.367
prev_number_digits | dummy6_twoknob_c1_u4: acc=0.760
prev_number_digits | dummy6_twoknob_c1_u8: acc=0.773
prev_number_digits | dummy6_twoknob_c2_u0: acc=0.000
prev_number_digits | dummy6_twoknob_c2_u1: acc=0.000
prev_number_digits | dummy6_twoknob_c2_u2: acc=0.420
prev_number_digits | dummy6_twoknob_c2_u4: acc=0.813
prev_number_digits | dummy6_twoknob_c2_u8: acc=0.873
prev_number_digits | dummy6_twoknob_c4_u0: acc=0.000
prev_number_digits | dummy6_twoknob_c4_u1: acc=0.013
prev_number_digits | dummy6_twoknob_c4_u2: acc=0.133
prev_number_digits | dummy6_twoknob_c4_u4: acc=0.767
prev_number_digits | dummy6_twoknob_c4_u8: acc=0.927
prev_number_digits | dummy6_twoknob_c8_u0: acc=0.000
prev_number_digits | dummy6_twoknob_c8_u1: acc=0.007
prev_number_digits | dummy6_twoknob_c8_u2: acc=0.047
prev_number_digits | dummy6_twoknob_c8_u4: acc=0.180
prev_number_digits | dummy6_twoknob_c8_u8: acc=0.813
sentiment | dummy6_baseline: acc=0.000
sentiment | dummy6_twoknob_c0_u0: acc=0.000
sentiment | dummy6_twoknob_c0_u1: acc=0.000
sentiment | dummy6_twoknob_c0_u2: acc=0.053
sentiment | dummy6_twoknob_c0_u4: acc=0.407
sentiment | dummy6_twoknob_c0_u8: acc=0.420
sentiment | dummy6_twoknob_c1_u0: acc=0.000
sentiment | dummy6_twoknob_c1_u1: acc=0.000
sentiment | dummy6_twoknob_c1_u2: acc=0.147
sentiment | dummy6_twoknob_c1_u4: acc=0.553
sentiment | dummy6_twoknob_c1_u8: acc=0.480
sentiment | dummy6_twoknob_c2_u0: acc=0.000
sentiment | dummy6_twoknob_c2_u1: acc=0.000
sentiment | dummy6_twoknob_c2_u2: acc=0.313
sentiment | dummy6_twoknob_c2_u4: acc=0.547
sentiment | dummy6_twoknob_c2_u8: acc=0.513
sentiment | dummy6_twoknob_c4_u0: acc=0.000
sentiment | dummy6_twoknob_c4_u1: acc=0.007
sentiment | dummy6_twoknob_c4_u2: acc=0.320
sentiment | dummy6_twoknob_c4_u4: acc=0.507
sentiment | dummy6_twoknob_c4_u8: acc=0.560
sentiment | dummy6_twoknob_c8_u0: acc=0.000
sentiment | dummy6_twoknob_c8_u1: acc=0.000
sentiment | dummy6_twoknob_c8_u2: acc=0.000
sentiment | dummy6_twoknob_c8_u4: acc=0.280
sentiment | dummy6_twoknob_c8_u8: acc=0.540
singular_or_plural | dummy6_baseline: acc=0.000
singular_or_plural | dummy6_twoknob_c0_u0: acc=0.000
singular_or_plural | dummy6_twoknob_c0_u1: acc=0.000
singular_or_plural | dummy6_twoknob_c0_u2: acc=0.053
singular_or_plural | dummy6_twoknob_c0_u4: acc=0.173
singular_or_plural | dummy6_twoknob_c0_u8: acc=0.060
singular_or_plural | dummy6_twoknob_c1_u0: acc=0.000
singular_or_plural | dummy6_twoknob_c1_u1: acc=0.000
singular_or_plural | dummy6_twoknob_c1_u2: acc=0.193
singular_or_plural | dummy6_twoknob_c1_u4: acc=0.293
singular_or_plural | dummy6_twoknob_c1_u8: acc=0.093
singular_or_plural | dummy6_twoknob_c2_u0: acc=0.000
singular_or_plural | dummy6_twoknob_c2_u1: acc=0.007
singular_or_plural | dummy6_twoknob_c2_u2: acc=0.240
singular_or_plural | dummy6_twoknob_c2_u4: acc=0.300
singular_or_plural | dummy6_twoknob_c2_u8: acc=0.127
singular_or_plural | dummy6_twoknob_c4_u0: acc=0.000
singular_or_plural | dummy6_twoknob_c4_u1: acc=0.000
singular_or_plural | dummy6_twoknob_c4_u2: acc=0.147
singular_or_plural | dummy6_twoknob_c4_u4: acc=0.393
singular_or_plural | dummy6_twoknob_c4_u8: acc=0.227
singular_or_plural | dummy6_twoknob_c8_u0: acc=0.000
singular_or_plural | dummy6_twoknob_c8_u1: acc=0.000
singular_or_plural | dummy6_twoknob_c8_u2: acc=0.007
singular_or_plural | dummy6_twoknob_c8_u4: acc=0.200
singular_or_plural | dummy6_twoknob_c8_u8: acc=0.260
spanish-english | dummy6_baseline: acc=0.000
spanish-english | dummy6_twoknob_c0_u0: acc=0.000
spanish-english | dummy6_twoknob_c0_u1: acc=0.000
spanish-english | dummy6_twoknob_c0_u2: acc=0.007
spanish-english | dummy6_twoknob_c0_u4: acc=0.007
spanish-english | dummy6_twoknob_c0_u8: acc=0.027
spanish-english | dummy6_twoknob_c1_u0: acc=0.000
spanish-english | dummy6_twoknob_c1_u1: acc=0.007
spanish-english | dummy6_twoknob_c1_u2: acc=0.027
spanish-english | dummy6_twoknob_c1_u4: acc=0.213
spanish-english | dummy6_twoknob_c1_u8: acc=0.653
spanish-english | dummy6_twoknob_c2_u0: acc=0.013
spanish-english | dummy6_twoknob_c2_u1: acc=0.040
spanish-english | dummy6_twoknob_c2_u2: acc=0.133
spanish-english | dummy6_twoknob_c2_u4: acc=0.573
spanish-english | dummy6_twoknob_c2_u8: acc=0.720
spanish-english | dummy6_twoknob_c4_u0: acc=0.260
spanish-english | dummy6_twoknob_c4_u1: acc=0.520
spanish-english | dummy6_twoknob_c4_u2: acc=0.647
spanish-english | dummy6_twoknob_c4_u4: acc=0.767
spanish-english | dummy6_twoknob_c4_u8: acc=0.767
spanish-english | dummy6_twoknob_c8_u0: acc=0.307
spanish-english | dummy6_twoknob_c8_u1: acc=0.527
spanish-english | dummy6_twoknob_c8_u2: acc=0.567
spanish-english | dummy6_twoknob_c8_u4: acc=0.733
spanish-english | dummy6_twoknob_c8_u8: acc=0.780
starts_with_vowel | dummy6_baseline: acc=0.000
starts_with_vowel | dummy6_twoknob_c0_u0: acc=0.000
starts_with_vowel | dummy6_twoknob_c0_u1: acc=0.000
starts_with_vowel | dummy6_twoknob_c0_u2: acc=0.000
starts_with_vowel | dummy6_twoknob_c0_u4: acc=0.000
starts_with_vowel | dummy6_twoknob_c0_u8: acc=0.000
starts_with_vowel | dummy6_twoknob_c1_u0: acc=0.000
starts_with_vowel | dummy6_twoknob_c1_u1: acc=0.000
starts_with_vowel | dummy6_twoknob_c1_u2: acc=0.000
starts_with_vowel | dummy6_twoknob_c1_u4: acc=0.027
starts_with_vowel | dummy6_twoknob_c1_u8: acc=0.007
starts_with_vowel | dummy6_twoknob_c2_u0: acc=0.000
starts_with_vowel | dummy6_twoknob_c2_u1: acc=0.000
starts_with_vowel | dummy6_twoknob_c2_u2: acc=0.020
starts_with_vowel | dummy6_twoknob_c2_u4: acc=0.047
starts_with_vowel | dummy6_twoknob_c2_u8: acc=0.013
starts_with_vowel | dummy6_twoknob_c4_u0: acc=0.000
starts_with_vowel | dummy6_twoknob_c4_u1: acc=0.000
starts_with_vowel | dummy6_twoknob_c4_u2: acc=0.040
starts_with_vowel | dummy6_twoknob_c4_u4: acc=0.107
starts_with_vowel | dummy6_twoknob_c4_u8: acc=0.047
starts_with_vowel | dummy6_twoknob_c8_u0: acc=0.000
starts_with_vowel | dummy6_twoknob_c8_u1: acc=0.000
starts_with_vowel | dummy6_twoknob_c8_u2: acc=0.000
starts_with_vowel | dummy6_twoknob_c8_u4: acc=0.027
starts_with_vowel | dummy6_twoknob_c8_u8: acc=0.053
titlecase_phrase | dummy6_baseline: acc=0.000
titlecase_phrase | dummy6_twoknob_c0_u0: acc=0.000
titlecase_phrase | dummy6_twoknob_c0_u1: acc=0.000
titlecase_phrase | dummy6_twoknob_c0_u2: acc=0.000
titlecase_phrase | dummy6_twoknob_c0_u4: acc=0.000
titlecase_phrase | dummy6_twoknob_c0_u8: acc=0.000
titlecase_phrase | dummy6_twoknob_c1_u0: acc=0.000
titlecase_phrase | dummy6_twoknob_c1_u1: acc=0.000
titlecase_phrase | dummy6_twoknob_c1_u2: acc=0.053
titlecase_phrase | dummy6_twoknob_c1_u4: acc=0.027
titlecase_phrase | dummy6_twoknob_c1_u8: acc=0.007
titlecase_phrase | dummy6_twoknob_c2_u0: acc=0.000
titlecase_phrase | dummy6_twoknob_c2_u1: acc=0.007
titlecase_phrase | dummy6_twoknob_c2_u2: acc=0.453
titlecase_phrase | dummy6_twoknob_c2_u4: acc=0.253
titlecase_phrase | dummy6_twoknob_c2_u8: acc=0.020
titlecase_phrase | dummy6_twoknob_c4_u0: acc=0.000
titlecase_phrase | dummy6_twoknob_c4_u1: acc=0.013
titlecase_phrase | dummy6_twoknob_c4_u2: acc=0.373
titlecase_phrase | dummy6_twoknob_c4_u4: acc=0.787
titlecase_phrase | dummy6_twoknob_c4_u8: acc=0.167
titlecase_phrase | dummy6_twoknob_c8_u0: acc=0.000
titlecase_phrase | dummy6_twoknob_c8_u1: acc=0.000
titlecase_phrase | dummy6_twoknob_c8_u2: acc=0.007
titlecase_phrase | dummy6_twoknob_c8_u4: acc=0.440
titlecase_phrase | dummy6_twoknob_c8_u8: acc=0.740
us-city-state | dummy6_baseline: acc=0.000
us-city-state | dummy6_twoknob_c0_u0: acc=0.000
us-city-state | dummy6_twoknob_c0_u1: acc=0.000
us-city-state | dummy6_twoknob_c0_u2: acc=0.180
us-city-state | dummy6_twoknob_c0_u4: acc=0.107
us-city-state | dummy6_twoknob_c0_u8: acc=0.020
us-city-state | dummy6_twoknob_c1_u0: acc=0.000
us-city-state | dummy6_twoknob_c1_u1: acc=0.140
us-city-state | dummy6_twoknob_c1_u2: acc=0.613
us-city-state | dummy6_twoknob_c1_u4: acc=0.500
us-city-state | dummy6_twoknob_c1_u8: acc=0.087
us-city-state | dummy6_twoknob_c2_u0: acc=0.000
us-city-state | dummy6_twoknob_c2_u1: acc=0.073
us-city-state | dummy6_twoknob_c2_u2: acc=0.593
us-city-state | dummy6_twoknob_c2_u4: acc=0.587
us-city-state | dummy6_twoknob_c2_u8: acc=0.287
us-city-state | dummy6_twoknob_c4_u0: acc=0.000
us-city-state | dummy6_twoknob_c4_u1: acc=0.253
us-city-state | dummy6_twoknob_c4_u2: acc=0.527
us-city-state | dummy6_twoknob_c4_u4: acc=0.600
us-city-state | dummy6_twoknob_c4_u8: acc=0.487
us-city-state | dummy6_twoknob_c8_u0: acc=0.013
us-city-state | dummy6_twoknob_c8_u1: acc=0.087
us-city-state | dummy6_twoknob_c8_u2: acc=0.280
us-city-state | dummy6_twoknob_c8_u4: acc=0.620
us-city-state | dummy6_twoknob_c8_u8: acc=0.607
verb_to_third_person | dummy6_baseline: acc=0.000
verb_to_third_person | dummy6_twoknob_c0_u0: acc=0.000
verb_to_third_person | dummy6_twoknob_c0_u1: acc=0.000
verb_to_third_person | dummy6_twoknob_c0_u2: acc=0.007
verb_to_third_person | dummy6_twoknob_c0_u4: acc=0.413
verb_to_third_person | dummy6_twoknob_c0_u8: acc=0.500
verb_to_third_person | dummy6_twoknob_c1_u0: acc=0.000
verb_to_third_person | dummy6_twoknob_c1_u1: acc=0.013
verb_to_third_person | dummy6_twoknob_c1_u2: acc=0.467
verb_to_third_person | dummy6_twoknob_c1_u4: acc=0.740
verb_to_third_person | dummy6_twoknob_c1_u8: acc=0.713
verb_to_third_person | dummy6_twoknob_c2_u0: acc=0.000
verb_to_third_person | dummy6_twoknob_c2_u1: acc=0.213
verb_to_third_person | dummy6_twoknob_c2_u2: acc=0.720
verb_to_third_person | dummy6_twoknob_c2_u4: acc=0.800
verb_to_third_person | dummy6_twoknob_c2_u8: acc=0.787
verb_to_third_person | dummy6_twoknob_c4_u0: acc=0.007
verb_to_third_person | dummy6_twoknob_c4_u1: acc=0.060
verb_to_third_person | dummy6_twoknob_c4_u2: acc=0.600
verb_to_third_person | dummy6_twoknob_c4_u4: acc=0.833
verb_to_third_person | dummy6_twoknob_c4_u8: acc=0.840
verb_to_third_person | dummy6_twoknob_c8_u0: acc=0.000
verb_to_third_person | dummy6_twoknob_c8_u1: acc=0.013
verb_to_third_person | dummy6_twoknob_c8_u2: acc=0.033
verb_to_third_person | dummy6_twoknob_c8_u4: acc=0.460
verb_to_third_person | dummy6_twoknob_c8_u8: acc=0.820
eval done
